Component: ARM Compiler 5.06 update 1 (build 61) Tool: armlink [4d35a8]

==============================================================================

Section Cross References

    main.o(i.KEY_task) refers to event_groups.o(i.xEventGroupWaitBits) for xEventGroupWaitBits
    main.o(i.KEY_task) refers to usart.o(i.UsartPrintf) for UsartPrintf
    main.o(i.KEY_task) refers to tasks.o(i.vTaskDelay) for vTaskDelay
    main.o(i.KEY_task) refers to stm32f10x_gpio.o(i.GPIO_ReadInputDataBit) for GPIO_ReadInputDataBit
    main.o(i.KEY_task) refers to led.o(i.Led_Set) for Led_Set
    main.o(i.KEY_task) refers to fan.o(i.Fan_Set) for Fan_Set
    main.o(i.KEY_task) refers to beep.o(i.Beep_Set) for Beep_Set
    main.o(i.KEY_task) refers to main.o(.data) for Event_Handle
    main.o(i.KEY_task) refers to led.o(.data) for led_info
    main.o(i.KEY_task) refers to fan.o(.data) for Fan_Status
    main.o(i.MQ2_task) refers to mq2.o(i.adcValueToVoltage) for adcValueToVoltage
    main.o(i.MQ2_task) refers to f2d.o(.text) for __aeabi_f2d
    main.o(i.MQ2_task) refers to usart.o(i.UsartPrintf) for UsartPrintf
    main.o(i.MQ2_task) refers to cfrcmple.o(.text) for __aeabi_cfrcmple
    main.o(i.MQ2_task) refers to event_groups.o(i.xEventGroupSetBits) for xEventGroupSetBits
    main.o(i.MQ2_task) refers to cfcmple.o(.text) for __aeabi_cfcmple
    main.o(i.MQ2_task) refers to delay.o(i.delay_ms) for delay_ms
    main.o(i.MQ2_task) refers to main.o(.data) for mq2_vol
    main.o(i.Process_task) refers to event_groups.o(i.xEventGroupWaitBits) for xEventGroupWaitBits
    main.o(i.Process_task) refers to fan.o(i.Fan_Set) for Fan_Set
    main.o(i.Process_task) refers to beep.o(i.Beep_Set) for Beep_Set
    main.o(i.Process_task) refers to led.o(i.Led_Set) for Led_Set
    main.o(i.Process_task) refers to delay.o(i.delay_ms) for delay_ms
    main.o(i.Process_task) refers to main.o(.data) for Event_Handle
    main.o(i.display_Init) refers to oled.o(i.OLED_Clear) for OLED_Clear
    main.o(i.display_Init) refers to oled.o(i.OLED_ShowCHinese) for OLED_ShowCHinese
    main.o(i.display_Init) refers to oled.o(i.OLED_ShowString) for OLED_ShowString
    main.o(i.main) refers to misc.o(i.NVIC_PriorityGroupConfig) for NVIC_PriorityGroupConfig
    main.o(i.main) refers to delay.o(i.delay_init) for delay_init
    main.o(i.main) refers to usart.o(i.Usart1_Init) for Usart1_Init
    main.o(i.main) refers to usart.o(i.Usart2_Init) for Usart2_Init
    main.o(i.main) refers to oled.o(i.OLED_Init) for OLED_Init
    main.o(i.main) refers to led.o(i.led_init) for led_init
    main.o(i.main) refers to beep.o(i.Beep_Init) for Beep_Init
    main.o(i.main) refers to dht11_u8.o(i.DHT11_Init) for DHT11_Init
    main.o(i.main) refers to fan.o(i.Fan_Init) for Fan_Init
    main.o(i.main) refers to mq2.o(i.Mq2_Init) for Mq2_Init
    main.o(i.main) refers to esp8266.o(i.ESP8266_Init) for ESP8266_Init
    main.o(i.main) refers to onenet.o(i.OneNET_RegisterDevice) for OneNET_RegisterDevice
    main.o(i.main) refers to oled.o(i.OLED_Clear) for OLED_Clear
    main.o(i.main) refers to oled.o(i.OLED_ShowString) for OLED_ShowString
    main.o(i.main) refers to delay.o(i.delay_xms) for delay_xms
    main.o(i.main) refers to esp8266.o(i.ESP8266_SendCmd) for ESP8266_SendCmd
    main.o(i.main) refers to onenet.o(i.OneNet_DevLink) for OneNet_DevLink
    main.o(i.main) refers to onenet.o(i.OneNET_Subscribe) for OneNET_Subscribe
    main.o(i.main) refers to tasks.o(i.xTaskCreate) for xTaskCreate
    main.o(i.main) refers to tasks.o(i.vTaskStartScheduler) for vTaskStartScheduler
    main.o(i.main) refers to main.o(.data) for StartTask_Handler
    main.o(i.main) refers to main.o(i.my_start_task) for my_start_task
    main.o(i.my_dht11_task) refers to dht11_u8.o(i.DHT11_Read_Data) for DHT11_Read_Data
    main.o(i.my_dht11_task) refers to printfa.o(i.__0sprintf) for __2sprintf
    main.o(i.my_dht11_task) refers to oled.o(i.OLED_ShowString) for OLED_ShowString
    main.o(i.my_dht11_task) refers to oled.o(i.OLED_ShowCHinese) for OLED_ShowCHinese
    main.o(i.my_dht11_task) refers to delay.o(i.delay_ms) for delay_ms
    main.o(i.my_dht11_task) refers to main.o(.data) for humi
    main.o(i.my_dht11_task) refers to led.o(.data) for led_info
    main.o(i.my_led2_task) refers to event_groups.o(i.xEventGroupWaitBits) for xEventGroupWaitBits
    main.o(i.my_led2_task) refers to led.o(i.led1_on) for led1_on
    main.o(i.my_led2_task) refers to tasks.o(i.vTaskDelay) for vTaskDelay
    main.o(i.my_led2_task) refers to led.o(i.led1_off) for led1_off
    main.o(i.my_led2_task) refers to main.o(.data) for Event_Handle
    main.o(i.my_onenet_rev) refers to queue.o(i.xQueueGenericReceive) for xQueueGenericReceive
    main.o(i.my_onenet_rev) refers to esp8266.o(i.ESP8266_GetIPD) for ESP8266_GetIPD
    main.o(i.my_onenet_rev) refers to onenet.o(i.OneNet_RevPro) for OneNet_RevPro
    main.o(i.my_onenet_rev) refers to queue.o(i.xQueueGenericSend) for xQueueGenericSend
[...]
    ADCPrescTable                            0x20000304   Data           4  stm32f10x_rcc.o(.data)
    .data                                    0x20000308   Section       60  tasks.o(.data)
    pxDelayedTaskList                        0x2000030c   Data           4  tasks.o(.data)
    pxOverflowDelayedTaskList                0x20000310   Data           4  tasks.o(.data)
    uxDeletedTasksWaitingCleanUp             0x20000314   Data           4  tasks.o(.data)
    uxCurrentNumberOfTasks                   0x20000318   Data           4  tasks.o(.data)
    xTickCount                               0x2000031c   Data           4  tasks.o(.data)
    uxTopReadyPriority                       0x20000320   Data           4  tasks.o(.data)
    xSchedulerRunning                        0x20000324   Data           4  tasks.o(.data)
    uxPendedTicks                            0x20000328   Data           4  tasks.o(.data)
    xYieldPending                            0x2000032c   Data           4  tasks.o(.data)
    xNumOfOverflows                          0x20000330   Data           4  tasks.o(.data)
    uxTaskNumber                             0x20000334   Data           4  tasks.o(.data)
    xNextTaskUnblockTime                     0x20000338   Data           4  tasks.o(.data)
    xIdleTaskHandle                          0x2000033c   Data           4  tasks.o(.data)
    uxSchedulerSuspended                     0x20000340   Data           4  tasks.o(.data)
    .data                                    0x20000344   Section       20  timers.o(.data)
    pxCurrentTimerList                       0x20000344   Data           4  timers.o(.data)
    pxOverflowTimerList                      0x20000348   Data           4  timers.o(.data)
    xTimerQueue                              0x2000034c   Data           4  timers.o(.data)
    xTimerTaskHandle                         0x20000350   Data           4  timers.o(.data)
    xLastTime                                0x20000354   Data           4  timers.o(.data)
    .data                                    0x20000358   Section       24  heap_4.o(.data)
    xStart                                   0x20000358   Data           8  heap_4.o(.data)
    pxEnd                                    0x20000360   Data           4  heap_4.o(.data)
    xFreeBytesRemaining                      0x20000364   Data           4  heap_4.o(.data)
    xMinimumEverFreeBytesRemaining           0x20000368   Data           4  heap_4.o(.data)
    xBlockAllocatedBit                       0x2000036c   Data           4  heap_4.o(.data)
    .data                                    0x20000370   Section       12  port.o(.data)
    uxCriticalNesting                        0x20000370   Data           4  port.o(.data)
    ucMaxSysCallPriority                     0x20000374   Data           1  port.o(.data)
    ulMaxPRIGROUPValue                       0x20000378   Data           4  port.o(.data)
    .data                                    0x2000037c   Section        2  onenet.o(.data)
    pkt_id                                   0x2000037c   Data           2  onenet.o(.data)
    .data                                    0x2000037e   Section        4  esp8266.o(.data)
    .data                                    0x20000384   Section       12  cjson.o(.data)
    ep                                       0x20000384   Data           4  cjson.o(.data)
    cJSON_malloc                             0x20000388   Data           4  cjson.o(.data)
    cJSON_free                               0x2000038c   Data           4  cjson.o(.data)
    .data                                    0x20000390   Section        4  usart.o(.data)
    .data                                    0x20000394   Section        4  mvars.o(.data)
    .data                                    0x20000398   Section        4  mvars.o(.data)
    .data                                    0x2000039c   Section        4  errno.o(.data)
    _errno                                   0x2000039c   Data           4  errno.o(.data)
    .bss                                     0x200003a0   Section       64  queue.o(.bss)
    .bss                                     0x200003e0   Section      740  tasks.o(.bss)
    pxReadyTasksLists                        0x200003e0   Data         640  tasks.o(.bss)
    xDelayedTaskList1                        0x20000660   Data          20  tasks.o(.bss)
    xDelayedTaskList2                        0x20000674   Data          20  tasks.o(.bss)
    xPendingReadyList                        0x20000688   Data          20  tasks.o(.bss)
    xTasksWaitingTermination                 0x2000069c   Data          20  tasks.o(.bss)
    xSuspendedTaskList                       0x200006b0   Data          20  tasks.o(.bss)
    .bss                                     0x200006c4   Section       40  timers.o(.bss)
    xActiveTimerList1                        0x200006c4   Data          20  timers.o(.bss)
    xActiveTimerList2                        0x200006d8   Data          20  timers.o(.bss)
    .bss                                     0x200006ec   Section    10240  heap_4.o(.bss)
    ucHeap                                   0x200006ec   Data       10240  heap_4.o(.bss)
    .bss                                     0x20002eec   Section       64  onenet.o(.bss)
    .bss                                     0x20002f2c   Section      512  esp8266.o(.bss)
    HEAP                                     0x20003130   Section      512  startup_stm32f10x_md.o(HEAP)
    STACK                                    0x20003330   Section     1024  startup_stm32f10x_md.o(STACK)

    Global Symbols

    Symbol Name                              Value     Ov Type        Size  Object(Section)

    BuildAttributes$$THM_ISAv4$P$D$K$B$S$PE$A:L22UL41UL21$X:L11$S22US41US21$IEEE1$IW$USESV6$~STKCKD$USESV7$~SHL$OTIME$ROPI$IEEEX$EBA8$MICROLIB$REQ8$PRES8$EABIv2 0x00000000   Number         0  anon$$obj.o ABSOLUTE
    __ARM_use_no_argv                        0x00000000   Number         0  main.o ABSOLUTE
    __use_no_errno                           0x00000000   Number         0  useno.o ABSOLUTE
    __use_no_exception_handling              0x00000000   Number         0  useno.o ABSOLUTE
    __use_no_fp                              0x00000000   Number         0  useno.o ABSOLUTE
    __use_no_heap                            0x00000000   Number         0  useno.o ABSOLUTE
    __use_no_heap_region                     0x00000000   Number         0  useno.o ABSOLUTE
    __use_no_semihosting                     0x00000000   Number         0  useno.o ABSOLUTE
    __use_no_semihosting_swi                 0x00000000   Number         0  useno.o ABSOLUTE
    __use_no_signal_handling                 0x00000000   Number         0  useno.o ABSOLUTE
    _printf_a                                0x00000000   Number         0  stubs.o ABSOLUTE
    _printf_c                                0x00000000   Number         0  stubs.o ABSOLUTE
    _printf_charcount                        0x00000000   Number         0  stubs.o ABSOLUTE
    _printf_d                                0x00000000   Number         0  stubs.o ABSOLUTE
    _printf_e                                0x00000000   Number         0  stubs.o ABSOLUTE
    _printf_f                                0x00000000   Number         0  stubs.o ABSOLUTE
    _printf_flags                            0x00000000   Number         0  stubs.o ABSOLUTE
    _printf_fp_dec                           0x00000000   Number         0  stubs.o ABSOLUTE
    _printf_fp_hex                           0x00000000   Number         0  stubs.o ABSOLUTE
    _printf_g                                0x00000000   Number         0  stubs.o ABSOLUTE
    _printf_i                                0x00000000   Number         0  stubs.o ABSOLUTE
    _printf_int_dec                          0x00000000   Number         0  stubs.o ABSOLUTE
    _printf_l                                0x00000000   Number         0  stubs.o ABSOLUTE
    _printf_lc                               0x00000000   Number         0  stubs.o ABSOLUTE
    _printf_ll                               0x00000000   Number         0  stubs.o ABSOLUTE
    _printf_lld                              0x00000000   Number         0  stubs.o ABSOLUTE
    _printf_lli                              0x00000000   Number         0  stubs.o ABSOLUTE
    _printf_llo                              0x00000000   Number         0  stubs.o ABSOLUTE
    _printf_llu                              0x00000000   Number         0  stubs.o ABSOLUTE
    _printf_llx                              0x00000000   Number         0  stubs.o ABSOLUTE
    _printf_longlong_dec                     0x00000000   Number         0  stubs.o ABSOLUTE
    _printf_longlong_hex                     0x00000000   Number         0  stubs.o ABSOLUTE
    _printf_longlong_oct                     0x00000000   Number         0  stubs.o ABSOLUTE
    _printf_ls                               0x00000000   Number         0  stubs.o ABSOLUTE
    _printf_mbtowc                           0x00000000   Number         0  stubs.o ABSOLUTE
    _printf_n                                0x00000000   Number         0  stubs.o ABSOLUTE
    _printf_o                                0x00000000   Number         0  stubs.o ABSOLUTE
    _printf_p                                0x00000000   Number         0  stubs.o ABSOLUTE
    _printf_percent                          0x00000000   Number         0  stubs.o ABSOLUTE
    _printf_pre_padding                      0x00000000   Number         0  stubs.o ABSOLUTE
    _printf_return_value                     0x00000000   Number         0  stubs.o ABSOLUTE
    _printf_s                                0x00000000   Number         0  stubs.o ABSOLUTE
    _printf_sizespec                         0x00000000   Number         0  stubs.o ABSOLUTE
    _printf_str                              0x00000000   Number         0  stubs.o ABSOLUTE
    _printf_truncate_signed                  0x00000000   Number         0  stubs.o ABSOLUTE
    _printf_truncate_unsigned                0x00000000   Number         0  stubs.o ABSOLUTE
    _printf_u                                0x00000000   Number         0  stubs.o ABSOLUTE
    _printf_wc                               0x00000000   Number         0  stubs.o ABSOLUTE
    _printf_wctomb                           0x00000000   Number         0  stubs.o ABSOLUTE
    _printf_widthprec                        0x00000000   Number         0  stubs.o ABSOLUTE
    _printf_x                                0x00000000   Number         0  stubs.o ABSOLUTE
    __cpp_initialize__aeabi_                  - Undefined Weak Reference
    __cxa_finalize                            - Undefined Weak Reference
    _clock_init                               - Undefined Weak Reference
    _microlib_exit                            - Undefined Weak Reference
    _scanf_longlong                           - Undefined Weak Reference
    _scanf_real                               - Undefined Weak Reference
    __Vectors_Size                           0x000000ec   Number         0  startup_stm32f10x_md.o ABSOLUTE
    __Vectors                                0x08000000   Data           4  startup_stm32f10x_md.o(RESET)
    __Vectors_End                            0x080000ec   Data           0  startup_stm32f10x_md.o(RESET)
    __main                                   0x080000ed   Thumb Code     0  entry.o(.ARM.Collect$$$$00000000)
    _main_stk                                0x080000ed   Thumb Code     0  entry2.o(.ARM.Collect$$$$00000001)
    _main_scatterload                        0x080000f1   Thumb Code     0  entry5.o(.ARM.Collect$$$$00000004)
    __main_after_scatterload                 0x080000f5   Thumb Code     0  entry5.o(.ARM.Collect$$$$00000004)
    _main_clock                              0x080000f5   Thumb Code     0  entry7b.o(.ARM.Collect$$$$00000008)
    _main_cpp_init                           0x080000f5   Thumb Code     0  entry8b.o(.ARM.Collect$$$$0000000A)
    _main_init                               0x080000f5   Thumb Code     0  entry9a.o(.ARM.Collect$$$$0000000B)
    __rt_final_cpp                           0x080000fd   Thumb Code     0  entry10a.o(.ARM.Collect$$$$0000000D)
    __rt_final_exit                          0x080000fd   Thumb Code     0  entry11a.o(.ARM.Collect$$$$0000000F)
    SVC_Handler                              0x08000101   Thumb Code    32  port.o(.emb_text)
    __asm___6_port_c_39a90d8d__prvStartFirstTask 0x08000125   Thumb Code    28  port.o(.emb_text)
    PendSV_Handler                           0x08000145   Thumb Code    72  port.o(.emb_text)
    vPortGetIPSR                             0x08000191   Thumb Code     6  port.o(.emb_text)
    Reset_Handler                            0x08000199   Thumb Code     8  startup_stm32f10x_md.o(.text)
    ADC1_2_IRQHandler                        0x080001b3   Thumb Code     0  startup_stm32f10x_md.o(.text)
    CAN1_RX1_IRQHandler                      0x080001b3   Thumb Code     0  startup_stm32f10x_md.o(.text)
    CAN1_SCE_IRQHandler                      0x080001b3   Thumb Code     0  startup_stm32f10x_md.o(.text)
    DMA1_Channel1_IRQHandler                 0x080001b3   Thumb Code     0  startup_stm32f10x_md.o(.text)
    DMA1_Channel2_IRQHandler                 0x080001b3   Thumb Code     0  startup_stm32f10x_md.o(.text)
    DMA1_Channel3_IRQHandler                 0x080001b3   Thumb Code     0  startup_stm32f10x_md.o(.text)
    DMA1_Channel4_IRQHandler                 0x080001b3   Thumb Code     0  startup_stm32f10x_md.o(.text)
    DMA1_Channel5_IRQHandler                 0x080001b3   Thumb Code     0  startup_stm32f10x_md.o(.text)
    DMA1_Channel6_IRQHandler                 0x080001b3   Thumb Code     0  startup_stm32f10x_md.o(.text)
    DMA1_Channel7_IRQHandler                 0x080001b3   Thumb Code     0  startup_stm32f10x_md.o(.text)
    EXTI0_IRQHandler                         0x080001b3   Thumb Code     0  startup_stm32f10x_md.o(.text)
    EXTI15_10_IRQHandler                     0x080001b3   Thumb Code     0  startup_stm32f10x_md.o(.text)
    EXTI2_IRQHandler                         0x080001b3   Thumb Code     0  startup_stm32f10x_md.o(.text)
    EXTI3_IRQHandler                         0x080001b3   Thumb Code     0  startup_stm32f10x_md.o(.text)
    EXTI4_IRQHandler                         0x080001b3   Thumb Code     0  startup_stm32f10x_md.o(.text)
    EXTI9_5_IRQHandler                       0x080001b3   Thumb Code     0  startup_stm32f10x_md.o(.text)
    FLASH_IRQHandler                         0x080001b3   Thumb Code     0  startup_stm32f10x_md.o(.text)
    I2C1_ER_IRQHandler                       0x080001b3   Thumb Code     0  startup_stm32f10x_md.o(.text)
    I2C1_EV_IRQHandler                       0x080001b3   Thumb Code     0  startup_stm32f10x_md.o(.text)
    I2C2_ER_IRQHandler                       0x080001b3   Thumb Code     0  startup_stm32f10x_md.o(.text)
    I2C2_EV_IRQHandler                       0x080001b3   Thumb Code     0  startup_stm32f10x_md.o(.text)
    PVD_IRQHandler                           0x080001b3   Thumb Code     0  startup_stm32f10x_md.o(.text)
    RCC_IRQHandler                           0x080001b3   Thumb Code     0  startup_stm32f10x_md.o(.text)
    RTCAlarm_IRQHandler                      0x080001b3   Thumb Code     0  startup_stm32f10x_md.o(.text)
    RTC_IRQHandler                           0x080001b3   Thumb Code     0  startup_stm32f10x_md.o(.text)
    SPI1_IRQHandler                          0x080001b3   Thumb Code     0  startup_stm32f10x_md.o(.text)
    SPI2_IRQHandler                          0x080001b3   Thumb Code     0  startup_stm32f10x_md.o(.text)
    TAMPER_IRQHandler                        0x080001b3   Thumb Code     0  startup_stm32f10x_md.o(.text)
    TIM1_BRK_IRQHandler                      0x080001b3   Thumb Code     0  startup_stm32f10x_md.o(.text)
    TIM1_CC_IRQHandler                       0x080001b3   Thumb Code     0  startup_stm32f10x_md.o(.text)
    TIM1_TRG_COM_IRQHandler                  0x080001b3   Thumb Code     0  startup_stm32f10x_md.o(.text)
    TIM1_UP_IRQHandler                       0x080001b3   Thumb Code     0  startup_stm32f10x_md.o(.text)
    TIM2_IRQHandler                          0x080001b3   Thumb Code     0  startup_stm32f10x_md.o(.text)
    TIM3_IRQHandler                          0x080001b3   Thumb Code     0  startup_stm32f10x_md.o(.text)
    TIM4_IRQHandler                          0x080001b3   Thumb Code     0  startup_stm32f10x_md.o(.text)
    USART1_IRQHandler                        0x080001b3   Thumb Code     0  startup_stm32f10x_md.o(.text)
    USART3_IRQHandler                        0x080001b3   Thumb Code     0  startup_stm32f10x_md.o(.text)
    USBWakeUp_IRQHandler                     0x080001b3   Thumb Code     0  startup_stm32f10x_md.o(.text)
    USB_HP_CAN1_TX_IRQHandler                0x080001b3   Thumb Code     0  startup_stm32f10x_md.o(.text)
    USB_LP_CAN1_RX0_IRQHandler               0x080001b3   Thumb Code     0  startup_stm32f10x_md.o(.text)
    WWDG_IRQHandler                          0x080001b3   Thumb Code     0  startup_stm32f10x_md.o(.text)
    tolower                                  0x080001bd   Thumb Code    12  tolower.o(.text)
    __aeabi_memcpy                           0x080001c9   Thumb Code    36  memcpya.o(.text)
    __aeabi_memcpy4                          0x080001c9   Thumb Code     0  memcpya.o(.text)
    __aeabi_memcpy8                          0x080001c9   Thumb Code     0  memcpya.o(.text)
    __aeabi_memset                           0x080001ed   Thumb Code    14  memseta.o(.text)
    __aeabi_memset4                          0x080001ed   Thumb Code     0  memseta.o(.text)
    __aeabi_memset8                          0x080001ed   Thumb Code     0  memseta.o(.text)
    __aeabi_memclr                           0x080001fb   Thumb Code     4  memseta.o(.text)
    __aeabi_memclr4                          0x080001fb   Thumb Code     0  memseta.o(.text)
    __aeabi_memclr8                          0x080001fb   Thumb Code     0  memseta.o(.text)
    _memset$wrapper                          0x080001ff   Thumb Code    18  memseta.o(.text)
    strcat                                   0x08000211   Thumb Code    24  strcat.o(.text)
    strstr                                   0x08000229   Thumb Code    36  strstr.o(.text)
    strchr                                   0x0800024d   Thumb Code    20  strchr.o(.text)
    strlen                                   0x08000261   Thumb Code    14  strlen.o(.text)
    strncat                                  0x0800026f   Thumb Code    40  strncat.o(.text)
    strcpy                                   0x08000297   Thumb Code    18  strcpy.o(.text)
    strncmp                                  0x080002a9   Thumb Code    30  strncmp.o(.text)
    __0sscanf                                0x080002c9   Thumb Code    48  __0sscanf.o(.text)
    _scanf_int                               0x08000301   Thumb Code   332  _scanf_int.o(.text)
    _scanf_string                            0x0800044d   Thumb Code   224  _scanf_str.o(.text)
    __aeabi_fmul                             0x0800052d   Thumb Code   100  fmul.o(.text)
    __aeabi_fdiv                             0x08000591   Thumb Code   124  fdiv.o(.text)
    __aeabi_dadd                             0x0800060d   Thumb Code   322  dadd.o(.text)
    __aeabi_dsub                             0x0800074f   Thumb Code     6  dadd.o(.text)
    __aeabi_drsub                            0x08000755   Thumb Code     6  dadd.o(.text)
    __aeabi_dmul                             0x0800075b   Thumb Code   228  dmul.o(.text)
    __aeabi_ui2f                             0x0800083f   Thumb Code    10  ffltui.o(.text)
    __aeabi_i2d                              0x08000849   Thumb Code    34  dflti.o(.text)
    __aeabi_d2iz                             0x0800086b   Thumb Code    62  dfixi.o(.text)
    __aeabi_f2d                              0x080008a9   Thumb Code    38  f2d.o(.text)
    __aeabi_cdrcmple                         0x080008d1   Thumb Code    48  cdrcmple.o(.text)
    __aeabi_d2f                              0x08000901   Thumb Code    56  d2f.o(.text)
    __aeabi_cfcmpeq                          0x08000939   Thumb Code     0  cfcmple.o(.text)
    __aeabi_cfcmple                          0x08000939   Thumb Code    20  cfcmple.o(.text)
    __aeabi_cfrcmple                         0x0800094d   Thumb Code    20  cfrcmple.o(.text)
    __aeabi_uidiv                            0x08000961   Thumb Code     0  uidiv.o(.text)
    __aeabi_uidivmod                         0x08000961   Thumb Code    44  uidiv.o(.text)
    __aeabi_uldivmod                         0x0800098d   Thumb Code    98  uldiv.o(.text)
    __aeabi_llsl                             0x080009ef   Thumb Code    30  llshl.o(.text)
    _ll_shift_l                              0x080009ef   Thumb Code     0  llshl.o(.text)
    __aeabi_llsr                             0x08000a0d   Thumb Code    32  llushr.o(.text)
    _ll_ushift_r                             0x08000a0d   Thumb Code     0  llushr.o(.text)
    __aeabi_lasr                             0x08000a2d   Thumb Code    36  llsshr.o(.text)
    _ll_sshift_r                             0x08000a2d   Thumb Code     0  llsshr.o(.text)
    _chval                                   0x08000a51   Thumb Code    28  _chval.o(.text)
    __vfscanf_char                           0x08000a79   Thumb Code    20  scanf_char.o(.text)
    _sgetc                                   0x08000a95   Thumb Code    30  _sgetc.o(.text)
    _sbackspace                              0x08000ab3   Thumb Code    34  _sgetc.o(.text)
    __I$use$fp                               0x08000ad5   Thumb Code     0  iusefp.o(.text)
    _float_round                             0x08000ad5   Thumb Code    18  fepilogue.o(.text)
    _float_epilogue                          0x08000ae7   Thumb Code    92  fepilogue.o(.text)
    _double_round                            0x08000b43   Thumb Code    30  depilogue.o(.text)
    _double_epilogue                         0x08000b61   Thumb Code   156  depilogue.o(.text)
    __aeabi_ddiv                             0x08000bfd   Thumb Code   222  ddiv.o(.text)
    __ARM_scalbn                             0x08000cdb   Thumb Code    46  dscalb.o(.text)
    scalbn                                   0x08000cdb   Thumb Code     0  dscalb.o(.text)
    __aeabi_d2ulz                            0x08000d09   Thumb Code    48  dfixul.o(.text)
    __scatterload                            0x08000d39   Thumb Code    28  init.o(.text)
    __scatterload_rt2                        0x08000d39   Thumb Code     0  init.o(.text)
    isspace                                  0x08000d5d   Thumb Code    10  isspace_c.o(.text)
    __vfscanf                                0x08000d69   Thumb Code   808  _scanf.o(.text)
    _dsqrt                                   0x08001095   Thumb Code   162  dsqrt.o(.text)
    __ctype_lookup                           0x08001139   Thumb Code    34  ctype_c.o(.text)
    __decompress                             0x08001161   Thumb Code     0  __dczerorl2.o(.text)
    __decompress1                            0x08001161   Thumb Code    86  __dczerorl2.o(.text)
    ADC_Cmd                                  0x080011b7   Thumb Code    22  stm32f10x_adc.o(i.ADC_Cmd)
    ADC_GetCalibrationStatus                 0x080011cd   Thumb Code    20  stm32f10x_adc.o(i.ADC_GetCalibrationStatus)
    ADC_GetConversionValue                   0x080011e1   Thumb Code     8  stm32f10x_adc.o(i.ADC_GetConversionValue)
    ADC_GetFlagStatus                        0x080011e9   Thumb Code    18  stm32f10x_adc.o(i.ADC_GetFlagStatus)
    ADC_GetResetCalibrationStatus            0x080011fb   Thumb Code    20  stm32f10x_adc.o(i.ADC_GetResetCalibrationStatus)
    ADC_Init                                 0x08001211   Thumb Code    70  stm32f10x_adc.o(i.ADC_Init)
    ADC_RegularChannelConfig                 0x08001261   Thumb Code   184  stm32f10x_adc.o(i.ADC_RegularChannelConfig)
    ADC_ResetCalibration                     0x08001319   Thumb Code    10  stm32f10x_adc.o(i.ADC_ResetCalibration)
    ADC_SoftwareStartConvCmd                 0x08001323   Thumb Code    22  stm32f10x_adc.o(i.ADC_SoftwareStartConvCmd)
    ADC_StartCalibration                     0x08001339   Thumb Code    10  stm32f10x_adc.o(i.ADC_StartCalibration)
    BASE64_Decode                            0x08001345   Thumb Code   360  base64.o(i.BASE64_Decode)
    BASE64_Encode                            0x080014b1   Thumb Code   320  base64.o(i.BASE64_Encode)
    Beep_Init                                0x080015f5   Thumb Code    44  beep.o(i.Beep_Init)
    Beep_Set                                 0x08001625   Thumb Code    32  beep.o(i.Beep_Set)
    BusFault_Handler                         0x0800164d   Thumb Code     2  stm32f10x_it.o(i.BusFault_Handler)
    DHT11_Check                              0x08001651   Thumb Code   100  dht11_u8.o(i.DHT11_Check)
    DHT11_Init                               0x080016b9   Thumb Code    54  dht11_u8.o(i.DHT11_Init)
    DHT11_Read_Bit                           0x080016f5   Thumb Code    82  dht11_u8.o(i.DHT11_Read_Bit)
    DHT11_Read_Byte                          0x0800174d   Thumb Code    30  dht11_u8.o(i.DHT11_Read_Byte)
    DHT11_Read_Data                          0x0800176b   Thumb Code    88  dht11_u8.o(i.DHT11_Read_Data)
    DHT11_Rst                                0x080017c5   Thumb Code    58  dht11_u8.o(i.DHT11_Rst)
    DebugMon_Handler                         0x08001805   Thumb Code     2  stm32f10x_it.o(i.DebugMon_Handler)
    ESP8266_Clear                            0x08001809   Thumb Code    20  esp8266.o(i.ESP8266_Clear)
    ESP8266_GetIPD                           0x08001825   Thumb Code    68  esp8266.o(i.ESP8266_GetIPD)
    ESP8266_Init                             0x08001875   Thumb Code   174  esp8266.o(i.ESP8266_Init)
    ESP8266_SendCmd                          0x080019d9   Thumb Code    76  esp8266.o(i.ESP8266_SendCmd)
    ESP8266_SendData                         0x08001a2d   Thumb Code    46  esp8266.o(i.ESP8266_SendData)
    ESP8266_WaitRecive                       0x08001a75   Thumb Code    42  esp8266.o(i.ESP8266_WaitRecive)
    EXTI1_IRQHandler                         0x08001aa9   Thumb Code    96  key.o(i.EXTI1_IRQHandler)
    EXTI_ClearITPendingBit                   0x08001b21   Thumb Code     6  stm32f10x_exti.o(i.EXTI_ClearITPendingBit)
    EXTI_GetITStatus                         0x08001b2d   Thumb Code    34  stm32f10x_exti.o(i.EXTI_GetITStatus)
    EXTI_Init                                0x08001b55   Thumb Code   142  stm32f10x_exti.o(i.EXTI_Init)
    Fan_Adj                                  0x08001be9   Thumb Code    52  fan.o(i.Fan_Adj)
    Fan_Init                                 0x08001c25   Thumb Code    16  fan.o(i.Fan_Init)
    Fan_Set                                  0x08001c35   Thumb Code    12  fan.o(i.Fan_Set)
    GPIO_Configuration                       0x08001c41   Thumb Code    32  fan_pwm.o(i.GPIO_Configuration)
    GPIO_EXTILineConfig                      0x08001c65   Thumb Code    60  stm32f10x_gpio.o(i.GPIO_EXTILineConfig)
    GPIO_Init                                0x08001ca5   Thumb Code   278  stm32f10x_gpio.o(i.GPIO_Init)
    GPIO_ReadInputDataBit                    0x08001dbb   Thumb Code    18  stm32f10x_gpio.o(i.GPIO_ReadInputDataBit)
    GPIO_ResetBits                           0x08001dcd   Thumb Code     4  stm32f10x_gpio.o(i.GPIO_ResetBits)
    GPIO_SetBits                             0x08001dd1   Thumb Code     4  stm32f10x_gpio.o(i.GPIO_SetBits)
    GPIO_WriteBit                            0x08001dd5   Thumb Code    10  stm32f10x_gpio.o(i.GPIO_WriteBit)
    HardFault_Handler                        0x08001ddf   Thumb Code     2  stm32f10x_it.o(i.HardFault_Handler)
    IIC_Start                                0x08001de1   Thumb Code    36  oled.o(i.IIC_Start)
    IIC_Stop                                 0x08001e09   Thumb Code    28  oled.o(i.IIC_Stop)
    IIC_Wait_Ack                             0x08001e29   Thumb Code    20  oled.o(i.IIC_Wait_Ack)
    KEY_Init                                 0x08001e41   Thumb Code    92  key.o(i.KEY_Init)
    KEY_task                                 0x08001ea1   Thumb Code   108  main.o(i.KEY_task)
    Led_Set                                  0x08001f29   Thumb Code    24  led.o(i.Led_Set)
    MQ2_task                                 0x08001f49   Thumb Code    92  main.o(i.MQ2_task)
    MQTT_DeleteBuffer                        0x08001fc1   Thumb Code    28  mqttkit.o(i.MQTT_DeleteBuffer)
    MQTT_DumpLength                          0x08001fdd   Thumb Code    46  mqttkit.o(i.MQTT_DumpLength)
    MQTT_NewBuffer                           0x0800200b   Thumb Code    88  mqttkit.o(i.MQTT_NewBuffer)
    MQTT_PacketConnect                       0x08002065   Thumb Code   666  mqttkit.o(i.MQTT_PacketConnect)
    MQTT_PacketPublish                       0x08002305   Thumb Code   440  mqttkit.o(i.MQTT_PacketPublish)
    MQTT_PacketSaveData                      0x080024bd   Thumb Code    68  mqttkit.o(i.MQTT_PacketSaveData)
    MQTT_PacketSubscribe                     0x08002521   Thumb Code   254  mqttkit.o(i.MQTT_PacketSubscribe)
    MQTT_ReadLength                          0x0800261f   Thumb Code    70  mqttkit.o(i.MQTT_ReadLength)
    MQTT_UnPacketConnectAck                  0x08002665   Thumb Code    30  mqttkit.o(i.MQTT_UnPacketConnectAck)
    MQTT_UnPacketPublish                     0x08002685   Thumb Code   438  mqttkit.o(i.MQTT_UnPacketPublish)
    MQTT_UnPacketPublishAck                  0x08002845   Thumb Code    30  mqttkit.o(i.MQTT_UnPacketPublishAck)
    MQTT_UnPacketRecv                        0x08002865   Thumb Code   106  mqttkit.o(i.MQTT_UnPacketRecv)
    MQTT_UnPacketSubscribe                   0x080028d9   Thumb Code    52  mqttkit.o(i.MQTT_UnPacketSubscribe)
    MemManage_Handler                        0x0800290d   Thumb Code     2  stm32f10x_it.o(i.MemManage_Handler)
    Mq2_Init                                 0x08002911   Thumb Code   140  mq2.o(i.Mq2_Init)
    NMI_Handler                              0x080029a5   Thumb Code     2  stm32f10x_it.o(i.NMI_Handler)
    NVIC_Init                                0x080029a9   Thumb Code   100  misc.o(i.NVIC_Init)
    NVIC_PriorityGroupConfig                 0x08002a19   Thumb Code    10  misc.o(i.NVIC_PriorityGroupConfig)
    OLED_Clear                               0x08002a2d   Thumb Code    62  oled.o(i.OLED_Clear)
    OLED_Init                                0x08002a6d   Thumb Code   270  oled.o(i.OLED_Init)
    OLED_Set_Pos                             0x08002b81   Thumb Code    40  oled.o(i.OLED_Set_Pos)
    OLED_ShowCHinese                         0x08002ba9   Thumb Code    98  oled.o(i.OLED_ShowCHinese)
    OLED_ShowChar                            0x08002c11   Thumb Code   154  oled.o(i.OLED_ShowChar)
    OLED_ShowString                          0x08002cb5   Thumb Code    58  oled.o(i.OLED_ShowString)
    OLED_WR_Byte                             0x08002cef   Thumb Code    24  oled.o(i.OLED_WR_Byte)
    OneNET_RegisterDevice                    0x08002fbd   Thumb Code   216  onenet.o(i.OneNET_RegisterDevice)
    OneNET_Subscribe                         0x08003169   Thumb Code    82  onenet.o(i.OneNET_Subscribe)
    OneNet_DevLink                           0x08003209   Thumb Code   242  onenet.o(i.OneNet_DevLink)
    OneNet_FillBuf                           0x08003485   Thumb Code   316  onenet.o(i.OneNet_FillBuf)
    OneNet_RevPro                            0x080036c9   Thumb Code   348  onenet.o(i.OneNet_RevPro)
    OneNet_SendData                          0x080038e9   Thumb Code   130  onenet.o(i.OneNet_SendData)
    Process_task                             0x080039d1   Thumb Code    50  main.o(i.Process_task)
    RCC_APB1PeriphClockCmd                   0x08003a09   Thumb Code    26  stm32f10x_rcc.o(i.RCC_APB1PeriphClockCmd)
    RCC_APB2PeriphClockCmd                   0x08003a29   Thumb Code    26  stm32f10x_rcc.o(i.RCC_APB2PeriphClockCmd)
    RCC_Configuration                        0x08003a49   Thumb Code    14  fan_pwm.o(i.RCC_Configuration)
    RCC_GetClocksFreq                        0x08003a59   Thumb Code   192  stm32f10x_rcc.o(i.RCC_GetClocksFreq)
    SysTick_CLKSourceConfig                  0x08003c15   Thumb Code    40  misc.o(i.SysTick_CLKSourceConfig)
    SysTick_Handler                          0x08003c3d   Thumb Code    16  stm32f10x_it.o(i.SysTick_Handler)
    SystemInit                               0x08003c4d   Thumb Code    78  system_stm32f10x.o(i.SystemInit)
    TIM1_Configuration                       0x08003cad   Thumb Code   102  fan_pwm.o(i.TIM1_Configuration)
    TIM_ARRPreloadConfig                     0x08003d19   Thumb Code    24  stm32f10x_tim.o(i.TIM_ARRPreloadConfig)
    TIM_Cmd                                  0x08003d31   Thumb Code    24  stm32f10x_tim.o(i.TIM_Cmd)
    TIM_CtrlPWMOutputs                       0x08003d49   Thumb Code    30  stm32f10x_tim.o(i.TIM_CtrlPWMOutputs)
    TIM_OC1Init                              0x08003d69   Thumb Code   132  stm32f10x_tim.o(i.TIM_OC1Init)
    TIM_OC1PreloadConfig                     0x08003e01   Thumb Code    18  stm32f10x_tim.o(i.TIM_OC1PreloadConfig)
    TIM_SetCompare1                          0x08003e13   Thumb Code     4  stm32f10x_tim.o(i.TIM_SetCompare1)
    TIM_TimeBaseInit                         0x08003e19   Thumb Code   122  stm32f10x_tim.o(i.TIM_TimeBaseInit)
    USART2_IRQHandler                        0x08003ebd   Thumb Code    64  esp8266.o(i.USART2_IRQHandler)
    USART_ClearFlag                          0x08003f09   Thumb Code    18  stm32f10x_usart.o(i.USART_ClearFlag)
    USART_Cmd                                0x08003f1b   Thumb Code    24  stm32f10x_usart.o(i.USART_Cmd)
    USART_GetFlagStatus                      0x08003f33   Thumb Code    26  stm32f10x_usart.o(i.USART_GetFlagStatus)
    USART_GetITStatus                        0x08003f4d   Thumb Code    84  stm32f10x_usart.o(i.USART_GetITStatus)
    USART_ITConfig                           0x08003fa1   Thumb Code    74  stm32f10x_usart.o(i.USART_ITConfig)
    USART_Init                               0x08003fed   Thumb Code   210  stm32f10x_usart.o(i.USART_Init)
    USART_SendData                           0x080040c5   Thumb Code     8  stm32f10x_usart.o(i.USART_SendData)
    UsageFault_Handler                       0x080040cd   Thumb Code     2  stm32f10x_it.o(i.UsageFault_Handler)
    Usart1_Init                              0x080040d1   Thumb Code   124  usart.o(i.Usart1_Init)
    Usart2_Init                              0x08004155   Thumb Code   164  usart.o(i.Usart2_Init)
    UsartPrintf                              0x08004201   Thumb Code    72  usart.o(i.UsartPrintf)
    Usart_SendString                         0x08004249   Thumb Code    50  usart.o(i.Usart_SendString)
    Write_IIC_Byte                           0x0800427d   Thumb Code    80  oled.o(i.Write_IIC_Byte)
    Write_IIC_Command                        0x080042d1   Thumb Code    44  oled.o(i.Write_IIC_Command)
    Write_IIC_Data                           0x080042fd   Thumb Code    44  oled.o(i.Write_IIC_Data)
    __0printf                                0x08004329   Thumb Code    22  printfa.o(i.__0printf)
    __1printf                                0x08004329   Thumb Code     0  printfa.o(i.__0printf)
    __2printf                                0x08004329   Thumb Code     0  printfa.o(i.__0printf)
    __c89printf                              0x08004329   Thumb Code     0  printfa.o(i.__0printf)
    printf                                   0x08004329   Thumb Code     0  printfa.o(i.__0printf)
    __0snprintf                              0x08004349   Thumb Code    36  printfa.o(i.__0snprintf)
    __1snprintf                              0x08004349   Thumb Code     0  printfa.o(i.__0snprintf)
    __2snprintf                              0x08004349   Thumb Code     0  printfa.o(i.__0snprintf)
    __c89snprintf                            0x08004349   Thumb Code     0  printfa.o(i.__0snprintf)
    snprintf                                 0x08004349   Thumb Code     0  printfa.o(i.__0snprintf)
    __0sprintf                               0x08004371   Thumb Code    34  printfa.o(i.__0sprintf)
    __1sprintf                               0x08004371   Thumb Code     0  printfa.o(i.__0sprintf)
    __2sprintf                               0x08004371   Thumb Code     0  printfa.o(i.__0sprintf)
    __c89sprintf                             0x08004371   Thumb Code     0  printfa.o(i.__0sprintf)
    sprintf                                  0x08004371   Thumb Code     0  printfa.o(i.__0sprintf)
    __0vsnprintf                             0x08004399   Thumb Code    32  printfa.o(i.__0vsnprintf)
    __1vsnprintf                             0x08004399   Thumb Code     0  printfa.o(i.__0vsnprintf)
    __2vsnprintf                             0x08004399   Thumb Code     0  printfa.o(i.__0vsnprintf)
    __c89vsnprintf                           0x08004399   Thumb Code     0  printfa.o(i.__0vsnprintf)
    vsnprintf                                0x08004399   Thumb Code     0  printfa.o(i.__0vsnprintf)
    __ARM_fpclassify                         0x080043bd   Thumb Code    40  fpclassify.o(i.__ARM_fpclassify)
    __kernel_poly                            0x080043e5   Thumb Code   170  poly.o(i.__kernel_poly)
    __mathlib_dbl_divzero                    0x08004491   Thumb Code    12  dunder.o(i.__mathlib_dbl_divzero)
    __mathlib_dbl_infnan2                    0x080044a1   Thumb Code     4  dunder.o(i.__mathlib_dbl_infnan2)
    __mathlib_dbl_invalid                    0x080044a5   Thumb Code    12  dunder.o(i.__mathlib_dbl_invalid)
    __mathlib_dbl_overflow                   0x080044b1   Thumb Code    14  dunder.o(i.__mathlib_dbl_overflow)
    __mathlib_dbl_underflow                  0x080044c1   Thumb Code    10  dunder.o(i.__mathlib_dbl_underflow)
    __scatterload_copy                       0x080044d1   Thumb Code    14  handlers.o(i.__scatterload_copy)
    __scatterload_null                       0x080044df   Thumb Code     2  handlers.o(i.__scatterload_null)
    __scatterload_zeroinit                   0x080044e1   Thumb Code    14  handlers.o(i.__scatterload_zeroinit)
    __set_errno                              0x080044f1   Thumb Code     6  errno.o(i.__set_errno)
    adcValueToVoltage                        0x08004db1   Thumb Code    54  mq2.o(i.adcValueToVoltage)
    cJSON_Delete                             0x08004e0d   Thumb Code    82  cjson.o(i.cJSON_Delete)
    cJSON_GetObjectItem                      0x08004e65   Thumb Code    30  cjson.o(i.cJSON_GetObjectItem)
    cJSON_Parse                              0x08004ea5   Thumb Code    16  cjson.o(i.cJSON_Parse)
    cJSON_ParseWithOpts                      0x08004eb5   Thumb Code    96  cjson.o(i.cJSON_ParseWithOpts)
    delay_init                               0x08004f65   Thumb Code    70  delay.o(i.delay_init)
    delay_ms                                 0x08004fbd   Thumb Code    60  delay.o(i.delay_ms)
    delay_us                                 0x08004ffd   Thumb Code    68  delay.o(i.delay_us)
    delay_xms                                0x08005045   Thumb Code    24  delay.o(i.delay_xms)
    display_Init                             0x0800505d   Thumb Code   120  main.o(i.display_Init)
    fputc                                    0x080050d9   Thumb Code    24  usart.o(i.fputc)
    free                                     0x080050f5   Thumb Code    76  malloc.o(i.free)
    ft                                       0x08005145   Thumb Code    76  hmac_sha1.o(i.ft)
    hmac_sha1                                0x08005191   Thumb Code   302  hmac_sha1.o(i.hmac_sha1)
    k                                        0x080052c1   Thumb Code    34  hmac_sha1.o(i.k)
    led_init                                 0x080052f5   Thumb Code    50  led.o(i.led_init)
    main                                     0x0800532d   Thumb Code   206  main.o(i.main)
    malloc                                   0x080054a5   Thumb Code    92  malloc.o(i.malloc)
    my_dht11_task                            0x08005511   Thumb Code   100  main.o(i.my_dht11_task)
    my_onenet_rev                            0x08005585   Thumb Code    60  main.o(i.my_onenet_rev)
    my_onenet_task                           0x080055c5   Thumb Code    54  main.o(i.my_onenet_task)
    my_start_task                            0x08005601   Thumb Code   190  main.o(i.my_start_task)
    pow                                      0x08005e6d   Thumb Code  2512  pow.o(i.pow)
    pvPortMalloc                             0x08007359   Thumb Code   262  heap_4.o(i.pvPortMalloc)
    pvTaskIncrementMutexHeldCount            0x080074ad   Thumb Code    26  tasks.o(i.pvTaskIncrementMutexHeldCount)
    pxPortInitialiseStack                    0x080074cd   Thumb Code    30  port.o(i.pxPortInitialiseStack)
    rotl                                     0x080074f1   Thumb Code    46  hmac_sha1.o(i.rotl)
    sha1                                     0x08007521   Thumb Code   632  hmac_sha1.o(i.sha1)
    sqrt                                     0x080077b7   Thumb Code    76  sqrt.o(i.sqrt)
    uxListRemove                             0x08007803   Thumb Code    40  list.o(i.uxListRemove)
    uxTaskResetEventItemValue                0x0800782d   Thumb Code    24  tasks.o(i.uxTaskResetEventItemValue)
    vEventGroupSetBitsCallback               0x08007849   Thumb Code    16  event_groups.o(i.vEventGroupSetBitsCallback)
    vListInitialise                          0x08007859   Thumb Code    26  list.o(i.vListInitialise)
    vListInitialiseItem                      0x08007873   Thumb Code     6  list.o(i.vListInitialiseItem)
    vListInsert                              0x08007879   Thumb Code    52  list.o(i.vListInsert)
    vListInsertEnd                           0x080078ad   Thumb Code    24  list.o(i.vListInsertEnd)
    vPortEnterCritical                       0x080078c5   Thumb Code    68  port.o(i.vPortEnterCritical)
    vPortExitCritical                        0x0800794d   Thumb Code    48  port.o(i.vPortExitCritical)
    vPortFree                                0x080079bd   Thumb Code   120  heap_4.o(i.vPortFree)
    vPortSetupTimerInterrupt                 0x08007a75   Thumb Code    26  port.o(i.vPortSetupTimerInterrupt)
    vPortValidateInterruptPriority           0x08007a95   Thumb Code    86  port.o(i.vPortValidateInterruptPriority)
    vQueueAddToRegistry                      0x08007b35   Thumb Code    38  queue.o(i.vQueueAddToRegistry)
    vQueueWaitForMessageRestricted           0x08007b61   Thumb Code    74  queue.o(i.vQueueWaitForMessageRestricted)
    vTaskDelay                               0x08007bad   Thumb Code    72  tasks.o(i.vTaskDelay)
    vTaskDelete                              0x08007c21   Thumb Code   192  tasks.o(i.vTaskDelete)
    vTaskMissedYield                         0x08007d2d   Thumb Code     8  tasks.o(i.vTaskMissedYield)
    vTaskPlaceOnEventList                    0x08007d39   Thumb Code    42  tasks.o(i.vTaskPlaceOnEventList)
    vTaskPlaceOnEventListRestricted          0x08007d8d   Thumb Code    50  tasks.o(i.vTaskPlaceOnEventListRestricted)
    vTaskPlaceOnUnorderedEventList           0x08007de9   Thumb Code    80  tasks.o(i.vTaskPlaceOnUnorderedEventList)
    vTaskPriorityInherit                     0x08007e65   Thumb Code   164  tasks.o(i.vTaskPriorityInherit)
    vTaskSetTimeOutState                     0x08007f15   Thumb Code    32  tasks.o(i.vTaskSetTimeOutState)
    vTaskStartScheduler                      0x08007f61   Thumb Code   108  tasks.o(i.vTaskStartScheduler)
    vTaskSuspendAll                          0x0800800d   Thumb Code    12  tasks.o(i.vTaskSuspendAll)
    vTaskSwitchContext                       0x0800801d   Thumb Code   110  tasks.o(i.vTaskSwitchContext)
    xEventGroupCreate                        0x080080c5   Thumb Code    26  event_groups.o(i.xEventGroupCreate)
    xEventGroupSetBits                       0x080080e1   Thumb Code   186  event_groups.o(i.xEventGroupSetBits)
    xEventGroupSetBitsFromISR                0x080081c9   Thumb Code    30  event_groups.o(i.xEventGroupSetBitsFromISR)
    xEventGroupWaitBits                      0x080081ed   Thumb Code   294  event_groups.o(i.xEventGroupWaitBits)
    xPortStartScheduler                      0x08008345   Thumb Code   140  port.o(i.xPortStartScheduler)
    xPortSysTickHandler                      0x080083e5   Thumb Code    46  port.o(i.xPortSysTickHandler)
    xQueueGenericCreate                      0x08008419   Thumb Code    78  queue.o(i.xQueueGenericCreate)
    xQueueGenericReceive                     0x0800848d   Thumb Code   416  queue.o(i.xQueueGenericReceive)
    xQueueGenericReset                       0x08008655   Thumb Code   136  queue.o(i.xQueueGenericReset)
    xQueueGenericSend                        0x08008705   Thumb Code   412  queue.o(i.xQueueGenericSend)
    xQueueGenericSendFromISR                 0x080088c9   Thumb Code   234  queue.o(i.xQueueGenericSendFromISR)
    xTaskCheckForTimeOut                     0x080089d9   Thumb Code   116  tasks.o(i.xTaskCheckForTimeOut)
    xTaskCreate                              0x08008a79   Thumb Code    96  tasks.o(i.xTaskCreate)
    xTaskGetSchedulerState                   0x08008ad9   Thumb Code    24  tasks.o(i.xTaskGetSchedulerState)
    xTaskGetTickCount                        0x08008af9   Thumb Code     6  tasks.o(i.xTaskGetTickCount)
    xTaskIncrementTick                       0x08008b05   Thumb Code   272  tasks.o(i.xTaskIncrementTick)
    xTaskPriorityDisinherit                  0x08008c65   Thumb Code   168  tasks.o(i.xTaskPriorityDisinherit)
    xTaskRemoveFromEventList                 0x08008d3d   Thumb Code   118  tasks.o(i.xTaskRemoveFromEventList)
    xTaskRemoveFromUnorderedEventList        0x08008df1   Thumb Code   134  tasks.o(i.xTaskRemoveFromUnorderedEventList)
    xTaskResumeAll                           0x08008eb1   Thumb Code   214  tasks.o(i.xTaskResumeAll)
    xTimerCreateTimerTask                    0x08008fd1   Thumb Code    56  timers.o(i.xTimerCreateTimerTask)
    xTimerGenericCommand                     0x08009045   Thumb Code   118  timers.o(i.xTimerGenericCommand)
    xTimerPendFunctionCallFromISR            0x080090e9   Thumb Code    48  timers.o(i.xTimerPendFunctionCallFromISR)
    SSID                                     0x0800911c   Data           5  main.o(.constdata)
    PASS                                     0x08009121   Data           9  main.o(.constdata)
    KEY_EVENT                                0x0800912c   Data           4  main.o(.constdata)
    MQ2_EVENT                                0x08009130   Data           4  main.o(.constdata)
    MESSAGE_DATA_TX_NUM                      0x08009134   Data           4  main.o(.constdata)
    MESSAGE_DATA_TX_LEN                      0x08009138   Data           4  main.o(.constdata)
    F6x8                                     0x0800913c   Data         552  oled.o(.constdata)
    F8X16                                    0x08009364   Data        1520  oled.o(.constdata)
    __mathlib_zero                           0x08009aa8   Data           8  qnan.o(.constdata)
    __ctype_categories                       0x08009ab0   Data          64  ctype_c.o(.constdata)
    Region$$Table$$Base                      0x08009c4c   Number         0  anon$$obj.o(Region$$Table)
    Region$$Table$$Limit                     0x08009c6c   Number         0  anon$$obj.o(Region$$Table)
    LED1_LABER                               0x20000000   Data           4  main.o(.data)
    CMD_LED1ON                               0x20000004   Data           4  main.o(.data)
    CMD_LED1OFF                              0x20000008   Data           4  main.o(.data)
    led1_flag                                0x2000000c   Data           4  main.o(.data)
    LED2_LABER                               0x20000010   Data           4  main.o(.data)
    CMD_LED2ON                               0x20000014   Data           4  main.o(.data)
    CMD_LED2OFF                              0x20000018   Data           4  main.o(.data)
    led2_flag                                0x2000001c   Data           4  main.o(.data)
    temp                                     0x20000020   Data           1  main.o(.data)
    humi                                     0x20000021   Data           1  main.o(.data)
    fan_adj                                  0x20000022   Data           1  main.o(.data)
    mq2_vol                                  0x20000024   Data           4  main.o(.data)
    smog_th                                  0x20000028   Data           4  main.o(.data)
    espSemaphoreHandle                       0x2000002c   Data           4  main.o(.data)
    Event_Handle                             0x20000030   Data           4  main.o(.data)
    Message_Queue                            0x20000034   Data           4  main.o(.data)
    StartTask_Handler                        0x20000038   Data           4  main.o(.data)
    Led2_Task_Handler                        0x2000003c   Data           4  main.o(.data)
    DHT11_Task_Handler                       0x20000040   Data           4  main.o(.data)
    OneNet_Task_Handler                      0x20000044   Data           4  main.o(.data)
    OneNet_Rev_Handler                       0x20000048   Data           4  main.o(.data)
    KEY_Task_Handler                         0x2000004c   Data           4  main.o(.data)
    MQ2_Task_Handler                         0x20000050   Data           4  main.o(.data)
    Process_Task_Handler                     0x20000054   Data           4  main.o(.data)
    led_info                                 0x2000005c   Data           1  led.o(.data)
    Hzk                                      0x2000005d   Data         640  oled.o(.data)
    Beep_Status                              0x200002dd   Data           1  beep.o(.data)
    Fan_Status                               0x200002de   Data           1  fan.o(.data)
    SystemCoreClock                          0x200002e0   Data           4  system_stm32f10x.o(.data)
    AHBPrescTable                            0x200002e4   Data          16  system_stm32f10x.o(.data)
    pxCurrentTCB                             0x20000308   Data           4  tasks.o(.data)
    esp8266_cnt                              0x2000037e   Data           2  esp8266.o(.data)
    esp8266_cntPre                           0x20000380   Data           2  esp8266.o(.data)
    __stdout                                 0x20000390   Data           4  usart.o(.data)
    __microlib_freelist                      0x20000394   Data           4  mvars.o(.data)
    __microlib_freelist_initialised          0x20000398   Data           4  mvars.o(.data)
    xQueueRegistry                           0x200003a0   Data          64  queue.o(.bss)
    devid                                    0x20002eec   Data          16  onenet.o(.bss)
    key                                      0x20002efc   Data          48  onenet.o(.bss)
    esp8266_buf                              0x20002f2c   Data         512  esp8266.o(.bss)
    __heap_base                              0x20003130   Data           0  startup_stm32f10x_md.o(HEAP)
    __heap_limit                             0x20003330   Data           0  startup_stm32f10x_md.o(HEAP)
    __initial_sp                             0x20003730   Data           0  startup_stm32f10x_md.o(STACK)



==============================================================================

Memory Map of the image

  Image Entry point : 0x08000199

  Load Region LR_1 (Base: 0x08000000, Size: 0x0000a00c, Max: 0xffffffff, ABSOLUTE, COMPRESSED[0x00009d90])

    Execution Region ER_RO (Base: 0x08000000, Size: 0x00009c6c, Max: 0xffffffff, ABSOLUTE)

    Base Addr    Size         Type   Attr      Idx    E Section Name        Object

    0x08000000   0x000000ec   Data   RO          837    RESET               startup_stm32f10x_md.o
    0x080000ec   0x00000000   Code   RO         4029  * .ARM.Collect$$$$00000000  mc_w.l(entry.o)
    0x080000ec   0x00000004   Code   RO         4402    .ARM.Collect$$$$00000001  mc_w.l(entry2.o)
    0x080000f0   0x00000004   Code   RO         4405    .ARM.Collect$$$$00000004  mc_w.l(entry5.o)
    0x080000f4   0x00000000   Code   RO         4407    .ARM.Collect$$$$00000008  mc_w.l(entry7b.o)
    0x080000f4   0x00000000   Code   RO         4409    .ARM.Collect$$$$0000000A  mc_w.l(entry8b.o)
    0x080000f4   0x00000008   Code   RO         4410    .ARM.Collect$$$$0000000B  mc_w.l(entry9a.o)
    0x080000fc   0x00000000   Code   RO         4412    .ARM.Collect$$$$0000000D  mc_w.l(entry10a.o)
    0x080000fc   0x00000000   Code   RO         4414    .ARM.Collect$$$$0000000F  mc_w.l(entry11a.o)
    0x080000fc   0x00000004   Code   RO         4403    .ARM.Collect$$$$00002712  mc_w.l(entry2.o)
    0x08000100   0x00000096   Code   RO         3135    .emb_text           port.o
    0x08000196   0x00000002   PAD
    0x08000198   0x00000024   Code   RO          838  * .text               startup_stm32f10x_md.o
    0x080001bc   0x0000000c   Code   RO         4032    .text               mc_w.l(tolower.o)
    0x080001c8   0x00000024   Code   RO         4034    .text               mc_w.l(memcpya.o)
    0x080001ec   0x00000024   Code   RO         4036    .text               mc_w.l(memseta.o)
    0x08000210   0x00000018   Code   RO         4038    .text               mc_w.l(strcat.o)
    0x08000228   0x00000024   Code   RO         4040    .text               mc_w.l(strstr.o)
    0x0800024c   0x00000014   Code   RO         4042    .text               mc_w.l(strchr.o)
    0x08000260   0x0000000e   Code   RO         4044    .text               mc_w.l(strlen.o)
    0x0800026e   0x00000028   Code   RO         4046    .text               mc_w.l(strncat.o)
    0x08000296   0x00000012   Code   RO         4048    .text               mc_w.l(strcpy.o)
    0x080002a8   0x0000001e   Code   RO         4050    .text               mc_w.l(strncmp.o)
    0x080002c6   0x00000002   PAD
    0x080002c8   0x00000038   Code   RO         4343    .text               mc_w.l(__0sscanf.o)
    0x08000300   0x0000014c   Code   RO         4345    .text               mc_w.l(_scanf_int.o)
    0x0800044c   0x000000e0   Code   RO         4347    .text               mc_w.l(_scanf_str.o)
    0x0800052c   0x00000064   Code   RO         4349    .text               mf_w.l(fmul.o)
    0x08000590   0x0000007c   Code   RO         4351    .text               mf_w.l(fdiv.o)
    0x0800060c   0x0000014e   Code   RO         4353    .text               mf_w.l(dadd.o)
    0x0800075a   0x000000e4   Code   RO         4355    .text               mf_w.l(dmul.o)
    0x0800083e   0x0000000a   Code   RO         4357    .text               mf_w.l(ffltui.o)
    0x08000848   0x00000022   Code   RO         4359    .text               mf_w.l(dflti.o)
    0x0800086a   0x0000003e   Code   RO         4361    .text               mf_w.l(dfixi.o)
    0x080008a8   0x00000026   Code   RO         4363    .text               mf_w.l(f2d.o)
    0x080008ce   0x00000002   PAD
    0x080008d0   0x00000030   Code   RO         4367    .text               mf_w.l(cdrcmple.o)
    0x08000900   0x00000038   Code   RO         4369    .text               mf_w.l(d2f.o)
    0x08000938   0x00000014   Code   RO         4371    .text               mf_w.l(cfcmple.o)
    0x0800094c   0x00000014   Code   RO         4373    .text               mf_w.l(cfrcmple.o)
    0x08000960   0x0000002c   Code   RO         4416    .text               mc_w.l(uidiv.o)
    0x0800098c   0x00000062   Code   RO         4418    .text               mc_w.l(uldiv.o)
    0x080009ee   0x0000001e   Code   RO         4420    .text               mc_w.l(llshl.o)
    0x08000a0c   0x00000020   Code   RO         4422    .text               mc_w.l(llushr.o)
    0x08000a2c   0x00000024   Code   RO         4424    .text               mc_w.l(llsshr.o)
    0x08000a50   0x0000001c   Code   RO         4435    .text               mc_w.l(_chval.o)
    0x08000a6c   0x00000028   Code   RO         4437    .text               mc_w.l(scanf_char.o)
    0x08000a94   0x00000040   Code   RO         4439    .text               mc_w.l(_sgetc.o)
    0x08000ad4   0x00000000   Code   RO         4441    .text               mc_w.l(iusefp.o)
    0x08000ad4   0x0000006e   Code   RO         4442    .text               mf_w.l(fepilogue.o)
    0x08000b42   0x000000ba   Code   RO         4444    .text               mf_w.l(depilogue.o)
    0x08000bfc   0x000000de   Code   RO         4446    .text               mf_w.l(ddiv.o)
    0x08000cda   0x0000002e   Code   RO         4448    .text               mf_w.l(dscalb.o)
    0x08000d08   0x00000030   Code   RO         4450    .text               mf_w.l(dfixul.o)
    0x08000d38   0x00000024   Code   RO         4452    .text               mc_w.l(init.o)
    0x08000d5c   0x0000000a   Code   RO         4454    .text               mc_w.l(isspace_c.o)
    0x08000d66   0x00000002   PAD
    0x08000d68   0x0000032c   Code   RO         4456    .text               mc_w.l(_scanf.o)
    0x08001094   0x000000a2   Code   RO         4458    .text               mf_w.l(dsqrt.o)
    0x08001136   0x00000002   PAD
    0x08001138   0x00000028   Code   RO         4460    .text               mc_w.l(ctype_c.o)
    0x08001160   0x00000056   Code   RO         4471    .text               mc_w.l(__dczerorl2.o)
    0x080011b6   0x00000016   Code   RO         1980    i.ADC_Cmd           stm32f10x_adc.o
    0x080011cc   0x00000014   Code   RO         1988    i.ADC_GetCalibrationStatus  stm32f10x_adc.o
    0x080011e0   0x00000008   Code   RO         1989    i.ADC_GetConversionValue  stm32f10x_adc.o
    0x080011e8   0x00000012   Code   RO         1991    i.ADC_GetFlagStatus  stm32f10x_adc.o
    0x080011fa   0x00000014   Code   RO         1994    i.ADC_GetResetCalibrationStatus  stm32f10x_adc.o
    0x0800120e   0x00000002   PAD
    0x08001210   0x00000050   Code   RO         1998    i.ADC_Init          stm32f10x_adc.o
    0x08001260   0x000000b8   Code   RO         2002    i.ADC_RegularChannelConfig  stm32f10x_adc.o
    0x08001318   0x0000000a   Code   RO         2003    i.ADC_ResetCalibration  stm32f10x_adc.o
    0x08001322   0x00000016   Code   RO         2005    i.ADC_SoftwareStartConvCmd  stm32f10x_adc.o
    0x08001338   0x0000000a   Code   RO         2007    i.ADC_StartCalibration  stm32f10x_adc.o
    0x08001342   0x00000002   PAD
    0x08001344   0x0000016c   Code   RO         3212    i.BASE64_Decode     base64.o
    0x080014b0   0x00000144   Code   RO         3213    i.BASE64_Encode     base64.o
    0x080015f4   0x00000030   Code   RO          684    i.Beep_Init         beep.o
    0x08001624   0x00000028   Code   RO          685    i.Beep_Set          beep.o
    0x0800164c   0x00000002   Code   RO          272    i.BusFault_Handler  stm32f10x_it.o
    0x0800164e   0x00000002   PAD
    0x08001650   0x00000068   Code   RO          601    i.DHT11_Check       dht11_u8.o
    0x080016b8   0x0000003c   Code   RO          602    i.DHT11_Init        dht11_u8.o
    0x080016f4   0x00000058   Code   RO          603    i.DHT11_Read_Bit    dht11_u8.o
    0x0800174c   0x0000001e   Code   RO          604    i.DHT11_Read_Byte   dht11_u8.o
    0x0800176a   0x00000058   Code   RO          605    i.DHT11_Read_Data   dht11_u8.o
    0x080017c2   0x00000002   PAD
    0x080017c4   0x00000040   Code   RO          606    i.DHT11_Rst         dht11_u8.o
    0x08001804   0x00000002   Code   RO          273    i.DebugMon_Handler  stm32f10x_it.o
    0x08001806   0x00000002   PAD
    0x08001808   0x0000001c   Code   RO         3552    i.ESP8266_Clear     esp8266.o
    0x08001824   0x00000050   Code   RO         3553    i.ESP8266_GetIPD    esp8266.o
    0x08001874   0x00000164   Code   RO         3554    i.ESP8266_Init      esp8266.o
    0x080019d8   0x00000054   Code   RO         3555    i.ESP8266_SendCmd   esp8266.o
    0x08001a2c   0x00000048   Code   RO         3556    i.ESP8266_SendData  esp8266.o
    0x08001a74   0x00000034   Code   RO         3557    i.ESP8266_WaitRecive  esp8266.o
    0x08001aa8   0x00000078   Code   RO          643    i.EXTI1_IRQHandler  key.o
    0x08001b20   0x0000000c   Code   RO         1921    i.EXTI_ClearITPendingBit  stm32f10x_exti.o
    0x08001b2c   0x00000028   Code   RO         1925    i.EXTI_GetITStatus  stm32f10x_exti.o
    0x08001b54   0x00000094   Code   RO         1926    i.EXTI_Init         stm32f10x_exti.o
    0x08001be8   0x0000003c   Code   RO          732    i.Fan_Adj           fan.o
    0x08001c24   0x00000010   Code   RO          733    i.Fan_Init          fan.o
    0x08001c34   0x0000000c   Code   RO          734    i.Fan_Set           fan.o
    0x08001c40   0x00000024   Code   RO          763    i.GPIO_Configuration  fan_pwm.o
    0x08001c64   0x00000040   Code   RO         1809    i.GPIO_EXTILineConfig  stm32f10x_gpio.o
    0x08001ca4   0x00000116   Code   RO         1812    i.GPIO_Init         stm32f10x_gpio.o
    0x08001dba   0x00000012   Code   RO         1816    i.GPIO_ReadInputDataBit  stm32f10x_gpio.o
    0x08001dcc   0x00000004   Code   RO         1819    i.GPIO_ResetBits    stm32f10x_gpio.o
    0x08001dd0   0x00000004   Code   RO         1820    i.GPIO_SetBits      stm32f10x_gpio.o
    0x08001dd4   0x0000000a   Code   RO         1823    i.GPIO_WriteBit     stm32f10x_gpio.o
    0x08001dde   0x00000002   Code   RO          274    i.HardFault_Handler  stm32f10x_it.o
    0x08001de0   0x00000028   Code   RO          455    i.IIC_Start         oled.o
    0x08001e08   0x00000020   Code   RO          456    i.IIC_Stop          oled.o
    0x08001e28   0x00000018   Code   RO          457    i.IIC_Wait_Ack      oled.o
    0x08001e40   0x00000060   Code   RO          644    i.KEY_Init          key.o
    0x08001ea0   0x00000088   Code   RO            1    i.KEY_task          main.o
    0x08001f28   0x00000020   Code   RO          417    i.Led_Set           led.o
    0x08001f48   0x00000078   Code   RO            2    i.MQ2_task          main.o
    0x08001fc0   0x0000001c   Code   RO         3377    i.MQTT_DeleteBuffer  mqttkit.o
    0x08001fdc   0x0000002e   Code   RO         3378    i.MQTT_DumpLength   mqttkit.o
    0x0800200a   0x00000058   Code   RO         3379    i.MQTT_NewBuffer    mqttkit.o
    0x08002062   0x00000002   PAD
    0x08002064   0x000002a0   Code   RO         3381    i.MQTT_PacketConnect  mqttkit.o
    0x08002304   0x000001b8   Code   RO         3384    i.MQTT_PacketPublish  mqttkit.o
    0x080024bc   0x00000064   Code   RO         3390    i.MQTT_PacketSaveData  mqttkit.o
    0x08002520   0x000000fe   Code   RO         3391    i.MQTT_PacketSubscribe  mqttkit.o
    0x0800261e   0x00000046   Code   RO         3393    i.MQTT_ReadLength   mqttkit.o
    0x08002664   0x0000001e   Code   RO         3395    i.MQTT_UnPacketConnectAck  mqttkit.o
    0x08002682   0x00000002   PAD
    0x08002684   0x000001c0   Code   RO         3396    i.MQTT_UnPacketPublish  mqttkit.o
    0x08002844   0x0000001e   Code   RO         3397    i.MQTT_UnPacketPublishAck  mqttkit.o
    0x08002862   0x00000002   PAD
    0x08002864   0x00000074   Code   RO         3401    i.MQTT_UnPacketRecv  mqttkit.o
    0x080028d8   0x00000034   Code   RO         3402    i.MQTT_UnPacketSubscribe  mqttkit.o
    0x0800290c   0x00000002   Code   RO          275    i.MemManage_Handler  stm32f10x_it.o
    0x0800290e   0x00000002   PAD
    0x08002910   0x00000094   Code   RO          708    i.Mq2_Init          mq2.o
    0x080029a4   0x00000002   Code   RO          276    i.NMI_Handler       stm32f10x_it.o
    0x080029a6   0x00000002   PAD
    0x080029a8   0x00000070   Code   RO          842    i.NVIC_Init         misc.o
    0x08002a18   0x00000014   Code   RO          843    i.NVIC_PriorityGroupConfig  misc.o
    0x08002a2c   0x0000003e   Code   RO          458    i.OLED_Clear        oled.o
    0x08002a6a   0x00000002   PAD
    0x08002a6c   0x00000114   Code   RO          462    i.OLED_Init         oled.o
    0x08002b80   0x00000028   Code   RO          464    i.OLED_Set_Pos      oled.o
    0x08002ba8   0x00000068   Code   RO          465    i.OLED_ShowCHinese  oled.o
    0x08002c10   0x000000a4   Code   RO          466    i.OLED_ShowChar     oled.o
    0x08002cb4   0x0000003a   Code   RO          468    i.OLED_ShowString   oled.o
    0x08002cee   0x00000018   Code   RO          469    i.OLED_WR_Byte      oled.o
    0x08002d06   0x00000002   PAD
    0x08002d08   0x00000118   Code   RO         3291    i.OTA_UrlEncode     onenet.o
    0x08002e20   0x0000019c   Code   RO         3292    i.OneNET_Authorization  onenet.o
    0x08002fbc   0x000001ac   Code   RO         3294    i.OneNET_RegisterDevice  onenet.o
    0x08003168   0x000000a0   Code   RO         3295    i.OneNET_Subscribe  onenet.o
    0x08003208   0x0000027c   Code   RO         3296    i.OneNet_DevLink    onenet.o
    0x08003484   0x00000244   Code   RO         3297    i.OneNet_FillBuf    onenet.o
    0x080036c8   0x00000220   Code   RO         3298    i.OneNet_RevPro     onenet.o
    0x080038e8   0x000000e8   Code   RO         3299    i.OneNet_SendData   onenet.o
    0x080039d0   0x00000038   Code   RO            3    i.Process_task      main.o
    0x08003a08   0x00000020   Code   RO          880    i.RCC_APB1PeriphClockCmd  stm32f10x_rcc.o
    0x08003a28   0x00000020   Code   RO          882    i.RCC_APB2PeriphClockCmd  stm32f10x_rcc.o
    0x08003a48   0x0000000e   Code   RO          764    i.RCC_Configuration  fan_pwm.o
    0x08003a56   0x00000002   PAD
    0x08003a58   0x000000d4   Code   RO          890    i.RCC_GetClocksFreq  stm32f10x_rcc.o
    0x08003b2c   0x00000008   Code   RO          801    i.SetSysClock       system_stm32f10x.o
    0x08003b34   0x000000e0   Code   RO          802    i.SetSysClockTo72   system_stm32f10x.o
    0x08003c14   0x00000028   Code   RO          846    i.SysTick_CLKSourceConfig  misc.o
    0x08003c3c   0x00000010   Code   RO          277    i.SysTick_Handler   stm32f10x_it.o
    0x08003c4c   0x00000060   Code   RO          804    i.SystemInit        system_stm32f10x.o
    0x08003cac   0x0000006c   Code   RO          765    i.TIM1_Configuration  fan_pwm.o
    0x08003d18   0x00000018   Code   RO         1082    i.TIM_ARRPreloadConfig  stm32f10x_tim.o
    0x08003d30   0x00000018   Code   RO         1094    i.TIM_Cmd           stm32f10x_tim.o
    0x08003d48   0x0000001e   Code   RO         1096    i.TIM_CtrlPWMOutputs  stm32f10x_tim.o
    0x08003d66   0x00000002   PAD
    0x08003d68   0x00000098   Code   RO         1123    i.TIM_OC1Init       stm32f10x_tim.o
    0x08003e00   0x00000012   Code   RO         1126    i.TIM_OC1PreloadConfig  stm32f10x_tim.o
    0x08003e12   0x00000004   Code   RO         1155    i.TIM_SetCompare1   stm32f10x_tim.o
    0x08003e16   0x00000002   PAD
    0x08003e18   0x000000a4   Code   RO         1165    i.TIM_TimeBaseInit  stm32f10x_tim.o
    0x08003ebc   0x0000004c   Code   RO         3558    i.USART2_IRQHandler  esp8266.o
    0x08003f08   0x00000012   Code   RO         1626    i.USART_ClearFlag   stm32f10x_usart.o
    0x08003f1a   0x00000018   Code   RO         1630    i.USART_Cmd         stm32f10x_usart.o
    0x08003f32   0x0000001a   Code   RO         1633    i.USART_GetFlagStatus  stm32f10x_usart.o
    0x08003f4c   0x00000054   Code   RO         1634    i.USART_GetITStatus  stm32f10x_usart.o
    0x08003fa0   0x0000004a   Code   RO         1636    i.USART_ITConfig    stm32f10x_usart.o
    0x08003fea   0x00000002   PAD
    0x08003fec   0x000000d8   Code   RO         1637    i.USART_Init        stm32f10x_usart.o
    0x080040c4   0x00000008   Code   RO         1647    i.USART_SendData    stm32f10x_usart.o
    0x080040cc   0x00000002   Code   RO          278    i.UsageFault_Handler  stm32f10x_it.o
    0x080040ce   0x00000002   PAD
    0x080040d0   0x00000084   Code   RO         3963    i.Usart1_Init       usart.o
    0x08004154   0x000000ac   Code   RO         3964    i.Usart2_Init       usart.o
    0x08004200   0x00000048   Code   RO         3965    i.UsartPrintf       usart.o
    0x08004248   0x00000032   Code   RO         3966    i.Usart_SendString  usart.o
    0x0800427a   0x00000002   PAD
    0x0800427c   0x00000054   Code   RO          470    i.Write_IIC_Byte    oled.o
    0x080042d0   0x0000002c   Code   RO          471    i.Write_IIC_Command  oled.o
    0x080042fc   0x0000002c   Code   RO          472    i.Write_IIC_Data    oled.o
    0x08004328   0x00000020   Code   RO         4287    i.__0printf         mc_w.l(printfa.o)
    0x08004348   0x00000028   Code   RO         4288    i.__0snprintf       mc_w.l(printfa.o)
    0x08004370   0x00000028   Code   RO         4289    i.__0sprintf        mc_w.l(printfa.o)
    0x08004398   0x00000024   Code   RO         4292    i.__0vsnprintf      mc_w.l(printfa.o)
    0x080043bc   0x00000028   Code   RO         4389    i.__ARM_fpclassify  m_ws.l(fpclassify.o)
    0x080043e4   0x000000aa   Code   RO         4391    i.__kernel_poly     m_ws.l(poly.o)
    0x0800448e   0x00000002   PAD
    0x08004490   0x00000010   Code   RO         4375    i.__mathlib_dbl_divzero  m_ws.l(dunder.o)
    0x080044a0   0x00000004   Code   RO         4377    i.__mathlib_dbl_infnan2  m_ws.l(dunder.o)
    0x080044a4   0x0000000c   Code   RO         4378    i.__mathlib_dbl_invalid  m_ws.l(dunder.o)
    0x080044b0   0x0000000e   Code   RO         4379    i.__mathlib_dbl_overflow  m_ws.l(dunder.o)
    0x080044be   0x00000002   PAD
    0x080044c0   0x00000010   Code   RO         4381    i.__mathlib_dbl_underflow  m_ws.l(dunder.o)
    0x080044d0   0x0000000e   Code   RO         4465    i.__scatterload_copy  mc_w.l(handlers.o)
    0x080044de   0x00000002   Code   RO         4466    i.__scatterload_null  mc_w.l(handlers.o)
    0x080044e0   0x0000000e   Code   RO         4467    i.__scatterload_zeroinit  mc_w.l(handlers.o)
    0x080044ee   0x00000002   PAD
    0x080044f0   0x0000000c   Code   RO         4430    i.__set_errno       mc_w.l(errno.o)
    0x080044fc   0x00000164   Code   RO         4294    i._fp_digits        mc_w.l(printfa.o)
    0x08004660   0x000006dc   Code   RO         4295    i._printf_core      mc_w.l(printfa.o)
    0x08004d3c   0x00000024   Code   RO         4296    i._printf_post_padding  mc_w.l(printfa.o)
    0x08004d60   0x0000002e   Code   RO         4297    i._printf_pre_padding  mc_w.l(printfa.o)
    0x08004d8e   0x00000016   Code   RO         4298    i._snputc           mc_w.l(printfa.o)
    0x08004da4   0x0000000a   Code   RO         4299    i._sputc            mc_w.l(printfa.o)
    0x08004dae   0x00000002   PAD
    0x08004db0   0x0000005c   Code   RO          709    i.adcValueToVoltage  mq2.o
    0x08004e0c   0x00000058   Code   RO         3624    i.cJSON_Delete      cjson.o
    0x08004e64   0x0000001e   Code   RO         3633    i.cJSON_GetObjectItem  cjson.o
    0x08004e82   0x00000002   PAD
    0x08004e84   0x00000020   Code   RO         3637    i.cJSON_New_Item    cjson.o
    0x08004ea4   0x00000010   Code   RO         3638    i.cJSON_Parse       cjson.o
    0x08004eb4   0x00000064   Code   RO         3639    i.cJSON_ParseWithOpts  cjson.o
    0x08004f18   0x0000004c   Code   RO         3645    i.cJSON_strcasecmp  cjson.o
    0x08004f64   0x00000058   Code   RO          349    i.delay_init        delay.o
    0x08004fbc   0x00000040   Code   RO          350    i.delay_ms          delay.o
    0x08004ffc   0x00000048   Code   RO          351    i.delay_us          delay.o
    0x08005044   0x00000018   Code   RO          352    i.delay_xms         delay.o
    0x0800505c   0x0000007c   Code   RO            4    i.display_Init      main.o
    0x080050d8   0x0000001c   Code   RO         3968    i.fputc             usart.o
    0x080050f4   0x00000050   Code   RO         4315    i.free              mc_w.l(malloc.o)
    0x08005144   0x0000004c   Code   RO         3239    i.ft                hmac_sha1.o
    0x08005190   0x0000012e   Code   RO         3240    i.hmac_sha1         hmac_sha1.o
    0x080052be   0x00000002   PAD
    0x080052c0   0x00000034   Code   RO         3241    i.k                 hmac_sha1.o
    0x080052f4   0x00000038   Code   RO          420    i.led_init          led.o
    0x0800532c   0x00000178   Code   RO            5    i.main              main.o
    0x080054a4   0x0000006c   Code   RO         4316    i.malloc            mc_w.l(malloc.o)
    0x08005510   0x00000074   Code   RO            6    i.my_dht11_task     main.o
    0x08005584   0x00000040   Code   RO            8    i.my_onenet_rev     main.o
    0x080055c4   0x0000003c   Code   RO            9    i.my_onenet_task    main.o
    0x08005600   0x00000154   Code   RO           10    i.my_start_task     main.o
    0x08005754   0x000000ac   Code   RO         3649    i.parse_array       cjson.o
    0x08005800   0x00000114   Code   RO         3650    i.parse_hex4        cjson.o
    0x08005914   0x000001bc   Code   RO         3651    i.parse_number      cjson.o
    0x08005ad0   0x00000114   Code   RO         3652    i.parse_object      cjson.o
    0x08005be4   0x000001cc   Code   RO         3653    i.parse_string      cjson.o
    0x08005db0   0x000000bc   Code   RO         3654    i.parse_value       cjson.o
    0x08005e6c   0x000009d8   Code   RO         4020    i.pow               m_ws.l(pow.o)
    0x08006844   0x00000098   Code   RO         2596    i.prvAddCurrentTaskToDelayedList  tasks.o
    0x080068dc   0x000000b8   Code   RO         2597    i.prvAddNewTaskToReadyList  tasks.o
    0x08006994   0x00000064   Code   RO         2956    i.prvCheckForValidListAndQueue  timers.o
    0x080069f8   0x00000064   Code   RO         2598    i.prvCheckTasksWaitingTermination  tasks.o
    0x08006a5c   0x0000002a   Code   RO         2366    i.prvCopyDataFromQueue  queue.o
    0x08006a86   0x0000007c   Code   RO         2367    i.prvCopyDataToQueue  queue.o
    0x08006b02   0x00000012   Code   RO         2599    i.prvDeleteTCB      tasks.o
    0x08006b14   0x00000028   Code   RO         2957    i.prvGetNextExpireTime  timers.o
    0x08006b3c   0x0000007c   Code   RO         3086    i.prvHeapInit       heap_4.o
    0x08006bb8   0x00000028   Code   RO         2600    i.prvIdleTask       tasks.o
    0x08006be0   0x0000002e   Code   RO         2369    i.prvInitialiseNewQueue  queue.o
    0x08006c0e   0x00000002   PAD
    0x08006c10   0x000000d0   Code   RO         2601    i.prvInitialiseNewTask  tasks.o
    0x08006ce0   0x00000068   Code   RO         2602    i.prvInitialiseTaskLists  tasks.o
    0x08006d48   0x00000068   Code   RO         3087    i.prvInsertBlockIntoFreeList  heap_4.o
    0x08006db0   0x00000058   Code   RO         2959    i.prvInsertTimerInActiveList  timers.o
    0x08006e08   0x0000001a   Code   RO         2370    i.prvIsQueueEmpty   queue.o
    0x08006e22   0x0000001e   Code   RO         2371    i.prvIsQueueFull    queue.o
    0x08006e40   0x000000a0   Code   RO         2372    i.prvNotifyQueueSetContainer  queue.o
    0x08006ee0   0x00000080   Code   RO         2960    i.prvProcessExpiredTimer  timers.o
    0x08006f60   0x0000012c   Code   RO         2961    i.prvProcessReceivedCommands  timers.o
    0x0800708c   0x00000074   Code   RO         2962    i.prvProcessTimerOrBlockTask  timers.o
    0x08007100   0x00000034   Code   RO         2604    i.prvResetNextTaskUnblockTime  tasks.o
    0x08007134   0x0000002c   Code   RO         2963    i.prvSampleTimeNow  timers.o
    0x08007160   0x000000bc   Code   RO         2964    i.prvSwitchTimerLists  timers.o
    0x0800721c   0x00000070   Code   RO         3136    i.prvTaskExitError  port.o
    0x0800728c   0x0000001e   Code   RO         2233    i.prvTestWaitCondition  event_groups.o
    0x080072aa   0x0000001a   Code   RO         2965    i.prvTimerTask      timers.o
    0x080072c4   0x00000092   Code   RO         2373    i.prvUnlockQueue    queue.o
    0x08007356   0x00000002   PAD
    0x08007358   0x00000154   Code   RO         3088    i.pvPortMalloc      heap_4.o
    0x080074ac   0x00000020   Code   RO         2608    i.pvTaskIncrementMutexHeldCount  tasks.o
    0x080074cc   0x00000024   Code   RO         3137    i.pxPortInitialiseStack  port.o
    0x080074f0   0x0000002e   Code   RO         3242    i.rotl              hmac_sha1.o
    0x0800751e   0x00000002   PAD
    0x08007520   0x00000284   Code   RO         3244    i.sha1              hmac_sha1.o
    0x080077a4   0x00000012   Code   RO         3662    i.skip              cjson.o
    0x080077b6   0x0000004c   Code   RO         4395    i.sqrt              m_ws.l(sqrt.o)
    0x08007802   0x00000028   Code   RO         2329    i.uxListRemove      list.o
    0x0800782a   0x00000002   PAD
    0x0800782c   0x0000001c   Code   RO         2615    i.uxTaskResetEventItemValue  tasks.o
    0x08007848   0x00000010   Code   RO         2237    i.vEventGroupSetBitsCallback  event_groups.o
    0x08007858   0x0000001a   Code   RO         2330    i.vListInitialise   list.o
    0x08007872   0x00000006   Code   RO         2331    i.vListInitialiseItem  list.o
    0x08007878   0x00000034   Code   RO         2332    i.vListInsert       list.o
    0x080078ac   0x00000018   Code   RO         2333    i.vListInsertEnd    list.o
    0x080078c4   0x00000088   Code   RO         3139    i.vPortEnterCritical  port.o
    0x0800794c   0x00000070   Code   RO         3140    i.vPortExitCritical  port.o
    0x080079bc   0x000000b8   Code   RO         3089    i.vPortFree         heap_4.o
    0x08007a74   0x00000020   Code   RO         3141    i.vPortSetupTimerInterrupt  port.o
    0x08007a94   0x000000a0   Code   RO         3142    i.vPortValidateInterruptPriority  port.o
    0x08007b34   0x0000002c   Code   RO         2379    i.vQueueAddToRegistry  queue.o
    0x08007b60   0x0000004a   Code   RO         2383    i.vQueueWaitForMessageRestricted  queue.o
    0x08007baa   0x00000002   PAD
    0x08007bac   0x00000074   Code   RO         2616    i.vTaskDelay        tasks.o
    0x08007c20   0x0000010c   Code   RO         2618    i.vTaskDelete       tasks.o
    0x08007d2c   0x0000000c   Code   RO         2622    i.vTaskMissedYield  tasks.o
    0x08007d38   0x00000054   Code   RO         2624    i.vTaskPlaceOnEventList  tasks.o
    0x08007d8c   0x0000005c   Code   RO         2625    i.vTaskPlaceOnEventListRestricted  tasks.o
    0x08007de8   0x0000007c   Code   RO         2626    i.vTaskPlaceOnUnorderedEventList  tasks.o
    0x08007e64   0x000000b0   Code   RO         2627    i.vTaskPriorityInherit  tasks.o
    0x08007f14   0x0000004c   Code   RO         2631    i.vTaskSetTimeOutState  tasks.o
    0x08007f60   0x000000ac   Code   RO         2632    i.vTaskStartScheduler  tasks.o
    0x0800800c   0x00000010   Code   RO         2634    i.vTaskSuspendAll   tasks.o
    0x0800801c   0x000000a8   Code   RO         2635    i.vTaskSwitchContext  tasks.o
    0x080080c4   0x0000001a   Code   RO         2240    i.xEventGroupCreate  event_groups.o
    0x080080de   0x00000002   PAD
    0x080080e0   0x000000e8   Code   RO         2242    i.xEventGroupSetBits  event_groups.o
    0x080081c8   0x00000024   Code   RO         2243    i.xEventGroupSetBitsFromISR  event_groups.o
    0x080081ec   0x00000158   Code   RO         2245    i.xEventGroupWaitBits  event_groups.o
    0x08008344   0x000000a0   Code   RO         3143    i.xPortStartScheduler  port.o
    0x080083e4   0x00000034   Code   RO         3144    i.xPortSysTickHandler  port.o
    0x08008418   0x00000074   Code   RO         2388    i.xQueueGenericCreate  queue.o
    0x0800848c   0x000001c8   Code   RO         2389    i.xQueueGenericReceive  queue.o
    0x08008654   0x000000b0   Code   RO         2390    i.xQueueGenericReset  queue.o
    0x08008704   0x000001c4   Code   RO         2391    i.xQueueGenericSend  queue.o
    0x080088c8   0x00000110   Code   RO         2392    i.xQueueGenericSendFromISR  queue.o
    0x080089d8   0x000000a0   Code   RO         2636    i.xTaskCheckForTimeOut  tasks.o
    0x08008a78   0x00000060   Code   RO         2637    i.xTaskCreate       tasks.o
    0x08008ad8   0x00000020   Code   RO         2641    i.xTaskGetSchedulerState  tasks.o
    0x08008af8   0x0000000c   Code   RO         2642    i.xTaskGetTickCount  tasks.o
    0x08008b04   0x00000160   Code   RO         2644    i.xTaskIncrementTick  tasks.o
    0x08008c64   0x000000d8   Code   RO         2647    i.xTaskPriorityDisinherit  tasks.o
    0x08008d3c   0x000000b4   Code   RO         2648    i.xTaskRemoveFromEventList  tasks.o
    0x08008df0   0x000000c0   Code   RO         2649    i.xTaskRemoveFromUnorderedEventList  tasks.o
    0x08008eb0   0x00000120   Code   RO         2650    i.xTaskResumeAll    tasks.o
    0x08008fd0   0x00000074   Code   RO         2969    i.xTimerCreateTimerTask  timers.o
    0x08009044   0x000000a4   Code   RO         2970    i.xTimerGenericCommand  timers.o
    0x080090e8   0x00000034   Code   RO         2976    i.xTimerPendFunctionCallFromISR  timers.o
    0x0800911c   0x00000020   Data   RO           11    .constdata          main.o
    0x0800913c   0x00000818   Data   RO          475    .constdata          oled.o
    0x08009954   0x000000c0   Data   RO         3214    .constdata          base64.o
    0x08009a14   0x00000007   Data   RO         3665    .constdata          cjson.o
    0x08009a1b   0x00000005   PAD
    0x08009a20   0x00000088   Data   RO         4021    .constdata          m_ws.l(pow.o)
    0x08009aa8   0x00000008   Data   RO         4393    .constdata          m_ws.l(qnan.o)
    0x08009ab0   0x00000040   Data   RO         4461    .constdata          mc_w.l(ctype_c.o)
    0x08009af0   0x00000036   Data   RO           12    .conststring        main.o
    0x08009b26   0x00000002   PAD
    0x08009b28   0x00000123   Data   RO         3301    .conststring        onenet.o
    0x08009c4b   0x00000001   PAD
    0x08009c4c   0x00000020   Data   RO         4463    Region$$Table       anon$$obj.o


    Execution Region ER_RW (Base: 0x20000000, Size: 0x000003a0, Max: 0xffffffff, ABSOLUTE, COMPRESSED[0x00000124])

    Base Addr    Size         Type   Attr      Idx    E Section Name        Object

    0x20000000   0x00000058   Data   RW           13    .data               main.o
    0x20000058   0x00000004   Data   RW          353    .data               delay.o
    0x2000005c   0x00000001   Data   RW          421    .data               led.o
    0x2000005d   0x00000280   Data   RW          476    .data               oled.o
    0x200002dd   0x00000001   Data   RW          686    .data               beep.o
    0x200002de   0x00000001   Data   RW          735    .data               fan.o
    0x200002df   0x00000001   PAD
    0x200002e0   0x00000014   Data   RW          805    .data               system_stm32f10x.o
    0x200002f4   0x00000014   Data   RW          910    .data               stm32f10x_rcc.o
    0x20000308   0x0000003c   Data   RW         2653    .data               tasks.o
    0x20000344   0x00000014   Data   RW         2978    .data               timers.o
    0x20000358   0x00000018   Data   RW         3094    .data               heap_4.o
    0x20000370   0x0000000c   Data   RW         3145    .data               port.o
    0x2000037c   0x00000002   Data   RW         3302    .data               onenet.o
    0x2000037e   0x00000004   Data   RW         3560    .data               esp8266.o
    0x20000382   0x00000002   PAD
    0x20000384   0x0000000c   Data   RW         3666    .data               cjson.o
    0x20000390   0x00000004   Data   RW         3969    .data               usart.o
    0x20000394   0x00000004   Data   RW         4426    .data               mc_w.l(mvars.o)
    0x20000398   0x00000004   Data   RW         4427    .data               mc_w.l(mvars.o)
    0x2000039c   0x00000004   Data   RW         4431    .data               mc_w.l(errno.o)


    Execution Region ER_ZI (Base: 0x200003a0, Size: 0x00003390, Max: 0xffffffff, ABSOLUTE)

    Base Addr    Size         Type   Attr      Idx    E Section Name        Object

    0x200003a0   0x00000040   Zero   RW         2403    .bss                queue.o
    0x200003e0   0x000002e4   Zero   RW         2652    .bss                tasks.o
    0x200006c4   0x00000028   Zero   RW         2977    .bss                timers.o
    0x200006ec   0x00002800   Zero   RW         3093    .bss                heap_4.o
    0x20002eec   0x00000040   Zero   RW         3300    .bss                onenet.o
    0x20002f2c   0x00000200   Zero   RW         3559    .bss                esp8266.o
    0x2000312c   0x00000004   PAD
    0x20003130   0x00000200   Zero   RW          836    HEAP                startup_stm32f10x_md.o
    0x20003330   0x00000400   Zero   RW          835    STACK               startup_stm32f10x_md.o


==============================================================================

Image component sizes


      Code (inc. data)   RO Data    RW Data    ZI Data      Debug   Object Name

       688          8        192          0          0       2968   base64.o
        88         12          0          1          0       1177   beep.o
      2176         82          7         12          0      11525   cjson.o
         0          0          0          0          0         32   core_cm3.o
       248         26          0          4          0       2299   delay.o
       434         22          0          0          0       3716   dht11_u8.o
       748        258          0          4        512       4907   esp8266.o
       684        102          0          0          0       5428   event_groups.o
        88          8          0          1          0       1604   fan.o
       158         10          0          0          0       1526   fan_pwm.o
       752        176          0         24      10240       3731   heap_4.o
      1120         30          0          0          0       4287   hmac_sha1.o
       216         28          0          0          0       9630   key.o
        88         14          0          1          0       1476   led.o
       148          0          0          0          0       2926   list.o
      1392        412         86         88          0     286853   main.o
       172         22          0          0          0       1889   misc.o
       240         46          0          0          0       1091   mq2.o
      2374         58          0          0          0      13076   mqttkit.o
       996         38       2072        640          0       9845   oled.o
      3272       1414        291          2         64      11551   onenet.o
       950        320          0         12          0       9925   port.o
      2164        238          0          0         64      12573   queue.o
        36          8        236          0       1536        780   startup_stm32f10x_md.o
       394         10          0          0          0       7593   stm32f10x_adc.o
       200         18          0          0          0       1940   stm32f10x_exti.o
       378          4          0          0          0       4574   stm32f10x_gpio.o
        28          0          0          0          0       3543   stm32f10x_it.o
       276         32          0         20          0       4246   stm32f10x_rcc.o
       416         62          0          0          0       4400   stm32f10x_tim.o
       450          6          0          0          0       5855   stm32f10x_usart.o
       328         28          0         20          0       2077   system_stm32f10x.o
      3750        984          0         60        740      29768   tasks.o
      1362        316          0         20         40       8995   timers.o
       454         20          0          4          0       5471   usart.o

    ----------------------------------------------------------------------
     27322       4812       2924        916      13200     483277   Object Totals
         0          0         32          0          0          0   (incl. Generated)
        54          0          8          3          4          0   (incl. Padding)

    ----------------------------------------------------------------------

      Code (inc. data)   RO Data    RW Data    ZI Data      Debug   Library Member Name

        62         10          0          0          0        340   dunder.o
        40          0          0          0          0         68   fpclassify.o
       170          0          0          0          0         96   poly.o
      2520        190        136          0          0        324   pow.o
         0          0          8          0          0          0   qnan.o
        76          0          0          0          0         84   sqrt.o
        56          8          0          0          0         84   __0sscanf.o
        86          0          0          0          0          0   __dczerorl2.o
        28          0          0          0          0         68   _chval.o
       812          4          0          0          0        112   _scanf.o
       332          0          0          0          0         96   _scanf_int.o
       224          0          0          0          0         96   _scanf_str.o
        64          0          0          0          0         84   _sgetc.o
        40          6         64          0          0         68   ctype_c.o
         0          0          0          0          0          0   entry.o
         0          0          0          0          0          0   entry10a.o
         0          0          0          0          0          0   entry11a.o
         8          4          0          0          0          0   entry2.o
         4          0          0          0          0          0   entry5.o
         0          0          0          0          0          0   entry7b.o
         0          0          0          0          0          0   entry8b.o
         8          4          0          0          0          0   entry9a.o
        12          6          0          4          0         68   errno.o
        30          0          0          0          0          0   handlers.o
        36          8          0          0          0         68   init.o
        10          0          0          0          0         68   isspace_c.o
         0          0          0          0          0          0   iusefp.o
        30          0          0          0          0         68   llshl.o
        36          0          0          0          0         68   llsshr.o
        32          0          0          0          0         68   llushr.o
       188         20          0          0          0        160   malloc.o
        36          0          0          0          0         68   memcpya.o
        36          0          0          0          0        108   memseta.o
         0          0          0          8          0          0   mvars.o
      2374        104          0          0          0        828   printfa.o
        40          8          0          0          0         84   scanf_char.o
        24          0          0          0          0         68   strcat.o
        20          0          0          0          0         68   strchr.o
        18          0          0          0          0         68   strcpy.o
        14          0          0          0          0         68   strlen.o
        40          0          0          0          0         76   strncat.o
        30          0          0          0          0         80   strncmp.o
        36          0          0          0          0         80   strstr.o
        12          0          0          0          0         68   tolower.o
        44          0          0          0          0         80   uidiv.o
        98          0          0          0          0         92   uldiv.o
        48          0          0          0          0         68   cdrcmple.o
        20          0          0          0          0         68   cfcmple.o
        20          0          0          0          0         68   cfrcmple.o
        56          0          0          0          0         88   d2f.o
       334          0          0          0          0        148   dadd.o
       222          0          0          0          0        100   ddiv.o
       186          0          0          0          0        176   depilogue.o
        62          0          0          0          0         80   dfixi.o
        48          0          0          0          0         68   dfixul.o
        34          0          0          0          0         76   dflti.o
       228          0          0          0          0         96   dmul.o
        46          0          0          0          0         80   dscalb.o
       162          0          0          0          0        100   dsqrt.o
        38          0          0          0          0         68   f2d.o
       124          0          0          0          0         88   fdiv.o
       110          0          0          0          0        168   fepilogue.o
        10          0          0          0          0         68   ffltui.o
       100          0          0          0          0         76   fmul.o

    ----------------------------------------------------------------------
      9590        372        208         12          0       5608   Library Totals
        16          0          0          0          0          0   (incl. Padding)

    ----------------------------------------------------------------------

      Code (inc. data)   RO Data    RW Data    ZI Data      Debug   Library Name

      2868        200        144          0          0        912   m_ws.l
      4858        172         64         12          0       3012   mc_w.l
      1848          0          0          0          0       1684   mf_w.l

    ----------------------------------------------------------------------
      9590        372        208         12          0       5608   Library Totals

    ----------------------------------------------------------------------

==============================================================================


      Code (inc. data)   RO Data    RW Data    ZI Data      Debug   

     36912       5184       3132        928      13200     474193   Grand Totals
     36912       5184       3132        292      13200     474193   ELF Image Totals (compressed)
     36912       5184       3132        292          0          0   ROM Totals

==============================================================================

    Total RO  Size (Code + RO Data)                40044 (  39.11kB)
    Total RW  Size (RW Data + ZI Data)             14128 (  13.80kB)
    Total ROM Size (Code + RO Data + RW Data)      40336 (  39.39kB)

==============================================================================

